#
# There is insufficient memory for the Java Runtime Environment to continue.
# Native memory allocation (malloc) failed to allocate 1744176 bytes. Error detail: Chunk::new
# Possible reasons:
#   The system is out of physical RAM or swap space
#   This process is running with CompressedOops enabled, and the Java Heap may be blocking the growth of the native heap
# Possible solutions:
#   Reduce memory load on the system
#   Increase physical memory or swap space
#   Check if swap backing store is full
#   Decrease Java heap size (-Xmx/-Xms)
#   Decrease number of Java threads
#   Decrease Java thread stack sizes (-Xss)
#   Set larger code cache with -XX:ReservedCodeCacheSize=
#   JVM is running with Unscaled Compressed Oops mode in which the Java heap is
#     placed in the first 4GB address space. The Java Heap base address is the
#     maximum limit for the native heap growth. Please use -XX:HeapBaseMinAddress
#     to set the Java Heap base and to place the Java Heap above 4GB virtual address.
# This output file may be truncated or incomplete.
#
#  Out of Memory Error (arena.cpp:168), pid=14352, tid=29292
#
# JRE version: OpenJDK Runtime Environment Temurin-21.0.10+7 (21.0.10+7) (build 21.0.10+7-LTS)
# Java VM: OpenJDK 64-Bit Server VM Temurin-21.0.10+7 (21.0.10+7-LTS, mixed mode, sharing, tiered, compressed oops, compressed class ptrs, parallel gc, windows-amd64)
# No core dump will be written. Minidumps are not enabled by default on client versions of Windows
#

---------------  S U M M A R Y ------------

Command Line: --add-modules=ALL-SYSTEM --add-opens=java.base/java.util=ALL-UNNAMED --add-opens=java.base/java.lang=ALL-UNNAMED --add-opens=java.base/sun.nio.fs=ALL-UNNAMED -Declipse.application=org.eclipse.jdt.ls.core.id1 -Dosgi.bundles.defaultStartLevel=4 -Declipse.product=org.eclipse.jdt.ls.core.product -Djava.import.generatesMetadataFilesAtProjectRoot=false -DDetectVMInstallationsJob.disabled=true -Dfile.encoding=utf8 -XX:+UseParallelGC -XX:GCTimeRatio=4 -XX:AdaptiveSizePolicyWeight=90 -Dsun.zip.disableMemoryMapping=true -Xmx2G -Xms100m -Xlog:disable -javaagent:c:\Users\Pacwa\.antigravity-ide\extensions\redhat.java-1.54.0-win32-x64\lombok\lombok-1.18.39-4050.jar -XX:+HeapDumpOnOutOfMemoryError -XX:HeapDumpPath=c:\Users\Pacwa\AppData\Roaming\Antigravity IDE\User\workspaceStorage\ad7f47a78f0daacb509bd02042bef823\redhat.java -Daether.dependencyCollector.impl=bf c:\Users\Pacwa\.antigravity-ide\extensions\redhat.java-1.54.0-win32-x64\server\plugins\org.eclipse.equinox.launcher_1.7.100.v20251111-0406.jar -configuration c:\Users\Pacwa\AppData\Roaming\Antigravity IDE\User\globalStorage\redhat.java\1.54.0\config_win -data c:\Users\Pacwa\AppData\Roaming\Antigravity IDE\User\workspaceStorage\ad7f47a78f0daacb509bd02042bef823\redhat.java\jdt_ws --pipe=\\.\pipe\lsp-ab180bf837d22ca64a16a8a632e6ad46-sock

Host: Intel(R) Core(TM) i7-8650U CPU @ 1.90GHz, 8 cores, 15G,  Windows 11 , 64 bit Build 26100 (10.0.26100.8328)
Time: Mon May 25 16:44:21 2026 E. Africa Standard Time elapsed time: 9.221773 seconds (0d 0h 0m 9s)

---------------  T H R E A D  ---------------

Current thread (0x00000179e62d6450):  JavaThread "C2 CompilerThread2" daemon [_thread_in_native, id=29292, stack(0x000000038cf00000,0x000000038d000000) (1024K)]


Current CompileTask:
C2:9221 5008   !   4       org.eclipse.osgi.internal.loader.classpath.ClasspathManager::defineClass (636 bytes)

Stack: [0x000000038cf00000,0x000000038d000000]
Native frames: (J=compiled Java code, j=interpreted, Vv=VM code, C=native code)
V  [jvm.dll+0x6d7a39]
V  [jvm.dll+0x8b4b26]
V  [jvm.dll+0x8b70de]
V  [jvm.dll+0x8b77c3]
V  [jvm.dll+0x284346]
V  [jvm.dll+0xc66ed]
V  [jvm.dll+0xc6c31]
V  [jvm.dll+0x3bec01]
V  [jvm.dll+0x38b162]
V  [jvm.dll+0x38a5aa]
V  [jvm.dll+0x24c560]
V  [jvm.dll+0x24bb40]
V  [jvm.dll+0x1cb34e]
V  [jvm.dll+0x25b85d]
V  [jvm.dll+0x259dea]
V  [jvm.dll+0x3f857e]
V  [jvm.dll+0x85f59d]
V  [jvm.dll+0x6d626d]
C  [ucrtbase.dll+0x37b0]
C  [KERNEL32.DLL+0x2e957]
C  [ntdll.dll+0x427c]


---------------  P R O C E S S  ---------------

Threads class SMR info:
_java_thread_list=0x00000179e95cd350, length=42, elements={
0x0000017988bac730, 0x0000017988c6d130, 0x000001799f624120, 0x000001799f62eb80,
0x000001799f62f710, 0x000001799f630ff0, 0x000001799f638b20, 0x000001799f63c2d0,
0x000001799f6412e0, 0x00000179e61c4cd0, 0x00000179e63091d0, 0x00000179e6bcdb40,
0x00000179e6d56b30, 0x00000179e6be7e00, 0x00000179e6be8840, 0x00000179e749a730,
0x00000179e7485040, 0x00000179e6d2f7d0, 0x00000179e75a4bc0, 0x00000179e6984b10,
0x00000179e6985ec0, 0x00000179e69851a0, 0x00000179e6983df0, 0x00000179e6986be0,
0x00000179e6984480, 0x00000179e6985830, 0x00000179e6986550, 0x00000179e6987270,
0x00000179e6de1f30, 0x00000179e6de25c0, 0x00000179e6de4690, 0x00000179e6de5a40,
0x00000179e6de32e0, 0x00000179e6de4d20, 0x00000179e6de3970, 0x00000179e6de4000,
0x00000179e6de53b0, 0x00000179e62d6450, 0x00000179e6de60d0, 0x00000179e6de2c50,
0x00000179e6de6df0, 0x00000179e6de6760
}

Java Threads: ( => current thread )
  0x0000017988bac730 JavaThread "main"                              [_thread_blocked, id=13088, stack(0x0000000389d00000,0x0000000389e00000) (1024K)]
  0x0000017988c6d130 JavaThread "Reference Handler"          daemon [_thread_blocked, id=1936, stack(0x000000038a100000,0x000000038a200000) (1024K)]
  0x000001799f624120 JavaThread "Finalizer"                  daemon [_thread_blocked, id=18356, stack(0x000000038a200000,0x000000038a300000) (1024K)]
  0x000001799f62eb80 JavaThread "Signal Dispatcher"          daemon [_thread_blocked, id=12332, stack(0x000000038a300000,0x000000038a400000) (1024K)]
  0x000001799f62f710 JavaThread "Attach Listener"            daemon [_thread_blocked, id=22908, stack(0x000000038a400000,0x000000038a500000) (1024K)]
  0x000001799f630ff0 JavaThread "Service Thread"             daemon [_thread_blocked, id=16128, stack(0x000000038a500000,0x000000038a600000) (1024K)]
  0x000001799f638b20 JavaThread "Monitor Deflation Thread"   daemon [_thread_blocked, id=13704, stack(0x000000038a600000,0x000000038a700000) (1024K)]
  0x000001799f63c2d0 JavaThread "C2 CompilerThread0"         daemon [_thread_blocked, id=23356, stack(0x000000038a700000,0x000000038a800000) (1024K)]
  0x000001799f6412e0 JavaThread "C1 CompilerThread0"         daemon [_thread_blocked, id=22224, stack(0x000000038a800000,0x000000038a900000) (1024K)]
  0x00000179e61c4cd0 JavaThread "Common-Cleaner"             daemon [_thread_blocked, id=28344, stack(0x000000038a900000,0x000000038aa00000) (1024K)]
  0x00000179e63091d0 JavaThread "Notification Thread"        daemon [_thread_blocked, id=29712, stack(0x000000038ab00000,0x000000038ac00000) (1024K)]
  0x00000179e6bcdb40 JavaThread "Active Thread: Equinox Container: e9a2f2ab-7cbf-448a-8203-5e9e8c8af1d6"        [_thread_blocked, id=22364, stack(0x000000038b300000,0x000000038b400000) (1024K)]
  0x00000179e6d56b30 JavaThread "Refresh Thread: Equinox Container: e9a2f2ab-7cbf-448a-8203-5e9e8c8af1d6" daemon [_thread_blocked, id=28360, stack(0x000000038b500000,0x000000038b600000) (1024K)]
  0x00000179e6be7e00 JavaThread "Framework Event Dispatcher: Equinox Container: e9a2f2ab-7cbf-448a-8203-5e9e8c8af1d6" daemon [_thread_blocked, id=27696, stack(0x000000038b600000,0x000000038b700000) (1024K)]
  0x00000179e6be8840 JavaThread "Start Level: Equinox Container: e9a2f2ab-7cbf-448a-8203-5e9e8c8af1d6" daemon [_thread_blocked, id=17312, stack(0x000000038b700000,0x000000038b800000) (1024K)]
  0x00000179e749a730 JavaThread "Bundle File Closer"         daemon [_thread_blocked, id=27492, stack(0x000000038b800000,0x000000038b900000) (1024K)]
  0x00000179e7485040 JavaThread "SCR Component Actor"        daemon [_thread_blocked, id=7844, stack(0x000000038aa00000,0x000000038ab00000) (1024K)]
  0x00000179e6d2f7d0 JavaThread "C2 CompilerThread1"         daemon [_thread_blocked, id=9088, stack(0x000000038ac00000,0x000000038ad00000) (1024K)]
  0x00000179e75a4bc0 JavaThread "Worker-JM"                         [_thread_blocked, id=29540, stack(0x000000038ba00000,0x000000038bb00000) (1024K)]
  0x00000179e6984b10 JavaThread "Worker-0: Repository registry initialization"        [_thread_blocked, id=20764, stack(0x000000038bb00000,0x000000038bc00000) (1024K)]
  0x00000179e6985ec0 JavaThread "Worker-1: Updating Maven Dependencies"        [_thread_in_native, id=21088, stack(0x000000038bc00000,0x000000038bd00000) (1024K)]
  0x00000179e69851a0 JavaThread "Java indexing"              daemon [_thread_blocked, id=9808, stack(0x000000038b900000,0x000000038ba00000) (1024K)]
  0x00000179e6983df0 JavaThread "JNA Cleaner"                daemon [_thread_blocked, id=7948, stack(0x000000038bd00000,0x000000038be00000) (1024K)]
  0x00000179e6986be0 JavaThread "Worker-2: Initialize After Load"        [_thread_blocked, id=14760, stack(0x000000038be00000,0x000000038bf00000) (1024K)]
  0x00000179e6984480 JavaThread "Worker-3"                          [_thread_blocked, id=28056, stack(0x000000038c200000,0x000000038c300000) (1024K)]
  0x00000179e6985830 JavaThread "Worker-4"                          [_thread_blocked, id=8040, stack(0x000000038c300000,0x000000038c400000) (1024K)]
  0x00000179e6986550 JavaThread "Worker-5"                          [_thread_blocked, id=27744, stack(0x000000038c400000,0x000000038c500000) (1024K)]
  0x00000179e6987270 JavaThread "Worker-6"                          [_thread_blocked, id=4768, stack(0x000000038c500000,0x000000038c600000) (1024K)]
  0x00000179e6de1f30 JavaThread "Thread-1"                   daemon [_thread_in_native, id=13972, stack(0x000000038c600000,0x000000038c700000) (1024K)]
  0x00000179e6de25c0 JavaThread "Thread-2"                   daemon [_thread_in_native, id=10052, stack(0x000000038c700000,0x000000038c800000) (1024K)]
  0x00000179e6de4690 JavaThread "Thread-3"                   daemon [_thread_in_native, id=26152, stack(0x000000038c800000,0x000000038c900000) (1024K)]
  0x00000179e6de5a40 JavaThread "Thread-4"                   daemon [_thread_in_native, id=21028, stack(0x000000038c900000,0x000000038ca00000) (1024K)]
  0x00000179e6de32e0 JavaThread "Thread-5"                   daemon [_thread_in_native, id=9420, stack(0x000000038ca00000,0x000000038cb00000) (1024K)]
  0x00000179e6de4d20 JavaThread "Thread-6"                   daemon [_thread_in_native, id=8644, stack(0x000000038cb00000,0x000000038cc00000) (1024K)]
  0x00000179e6de3970 JavaThread "Thread-7"                   daemon [_thread_in_native, id=14292, stack(0x000000038cc00000,0x000000038cd00000) (1024K)]
  0x00000179e6de4000 JavaThread "Thread-8"                   daemon [_thread_in_native, id=18068, stack(0x000000038cd00000,0x000000038ce00000) (1024K)]
  0x00000179e6de53b0 JavaThread "Thread-9"                   daemon [_thread_in_native, id=8268, stack(0x000000038ce00000,0x000000038cf00000) (1024K)]
=>0x00000179e62d6450 JavaThread "C2 CompilerThread2"         daemon [_thread_in_native, id=29292, stack(0x000000038cf00000,0x000000038d000000) (1024K)]
  0x00000179e6de60d0 JavaThread "pool-2-thread-1"                   [_thread_blocked, id=15248, stack(0x000000038d000000,0x000000038d100000) (1024K)]
  0x00000179e6de2c50 JavaThread "WorkspaceEventsHandler"            [_thread_blocked, id=2228, stack(0x000000038d200000,0x000000038d300000) (1024K)]
  0x00000179e6de6df0 JavaThread "pool-1-thread-1"                   [_thread_blocked, id=27780, stack(0x000000038d300000,0x000000038d400000) (1024K)]
  0x00000179e6de6760 JavaThread "Keep-Alive-Timer"           daemon [_thread_blocked, id=22684, stack(0x000000038d400000,0x000000038d500000) (1024K)]
Total: 42

Other Threads:
  0x0000017988c51be0 VMThread "VM Thread"                           [id=17112, stack(0x000000038a000000,0x000000038a100000) (1024K)]
  0x000001799f53ca00 WatcherThread "VM Periodic Task Thread"        [id=22972, stack(0x0000000389f00000,0x000000038a000000) (1024K)]
  0x0000017988bcaea0 WorkerThread "GC Thread#0"                     [id=7668, stack(0x0000000389e00000,0x0000000389f00000) (1024K)]
  0x00000179e6673e40 WorkerThread "GC Thread#1"                     [id=1396, stack(0x000000038ad00000,0x000000038ae00000) (1024K)]
  0x00000179e6bcea70 WorkerThread "GC Thread#2"                     [id=7944, stack(0x000000038ae00000,0x000000038af00000) (1024K)]
  0x00000179e6bcee20 WorkerThread "GC Thread#3"                     [id=18888, stack(0x000000038af00000,0x000000038b000000) (1024K)]
  0x00000179e66b08a0 WorkerThread "GC Thread#4"                     [id=8880, stack(0x000000038b000000,0x000000038b100000) (1024K)]
  0x00000179e66b0c50 WorkerThread "GC Thread#5"                     [id=9824, stack(0x000000038b100000,0x000000038b200000) (1024K)]
  0x00000179e67db430 WorkerThread "GC Thread#6"                     [id=30392, stack(0x000000038b200000,0x000000038b300000) (1024K)]
  0x00000179e68dec30 WorkerThread "GC Thread#7"                     [id=23160, stack(0x000000038b400000,0x000000038b500000) (1024K)]
Total: 10

Threads with active compile tasks:
C2 CompilerThread2  9262 5008   !   4       org.eclipse.osgi.internal.loader.classpath.ClasspathManager::defineClass (636 bytes)
Total: 1

VM state: not at safepoint (normal execution)

VM Mutex/Monitor currently owned by a thread: None

Heap address: 0x0000000080000000, size: 2048 MB, Compressed Oops mode: 32-bit

CDS archive(s) mapped at: [0x00000179a0000000-0x00000179a0ba0000-0x00000179a0ba0000), size 12189696, SharedBaseAddress: 0x00000179a0000000, ArchiveRelocationMode: 1.
Compressed class space mapped at: 0x00000179a1000000-0x00000179e1000000, reserved size: 1073741824
Narrow klass base: 0x00000179a0000000, Narrow klass shift: 0, Narrow klass range: 0x100000000

GC Precious Log:
 CardTable entry size: 512
 CPUs: 8 total, 8 available
 Memory: 16242M
 Large Page Support: Disabled
 NUMA Support: Disabled
 Compressed Oops: Enabled (32-bit)
 Alignments: Space 512K, Generation 512K, Heap 2M
 Heap Min Capacity: 100M
 Heap Initial Capacity: 100M
 Heap Max Capacity: 2G
 Pre-touch: Disabled
 Parallel Workers: 8

Heap:
 PSYoungGen      total 23040K, used 4737K [0x00000000d5580000, 0x00000000d7200000, 0x0000000100000000)
  eden space 22016K, 16% used [0x00000000d5580000,0x00000000d5924668,0x00000000d6b00000)
  from space 1024K, 98% used [0x00000000d6f00000,0x00000000d6ffc030,0x00000000d7000000)
  to   space 3584K, 0% used [0x00000000d6b00000,0x00000000d6b00000,0x00000000d6e80000)
 ParOldGen       total 68608K, used 23668K [0x0000000080000000, 0x0000000084300000, 0x00000000d5580000)
  object space 68608K, 34% used [0x0000000080000000,0x000000008171d2c0,0x0000000084300000)
 Metaspace       used 46549K, committed 47552K, reserved 1114112K
  class space    used 5194K, committed 5632K, reserved 1048576K

Card table byte_map: [0x0000017988550000,0x0000017988960000] _byte_map_base: 0x0000017988150000

Marking Bits: (ParMarkBitMap*) 0x00007fff442d3450
 Begin Bits: [0x000001799b060000, 0x000001799d060000)
 End Bits:   [0x000001799d060000, 0x000001799f060000)

Polling page: 0x0000017986890000

Metaspace:

Usage:
  Non-class:     40.39 MB used.
      Class:      5.07 MB used.
       Both:     45.46 MB used.

Virtual space:
  Non-class space:       64.00 MB reserved,      40.94 MB ( 64%) committed,  1 nodes.
      Class space:        1.00 GB reserved,       5.50 MB ( <1%) committed,  1 nodes.
             Both:        1.06 GB reserved,      46.44 MB (  4%) committed. 

Chunk freelists:
   Non-Class:  6.64 MB
       Class:  10.33 MB
        Both:  16.97 MB

MaxMetaspaceSize: unlimited
CompressedClassSpaceSize: 1.00 GB
Initial GC threshold: 21.00 MB
Current GC threshold: 58.38 MB
CDS: on
 - commit_granule_bytes: 65536.
 - commit_granule_words: 8192.
 - virtual_space_node_default_size: 8388608.
 - enlarge_chunks_in_place: 1.
 - use_allocation_guard: 0.


Internal statistics:

num_allocs_failed_limit: 6.
num_arena_births: 774.
num_arena_deaths: 24.
num_vsnodes_births: 2.
num_vsnodes_deaths: 0.
num_space_committed: 743.
num_space_uncommitted: 0.
num_chunks_returned_to_freelist: 35.
num_chunks_taken_from_freelist: 2628.
num_chunk_merges: 10.
num_chunk_splits: 1647.
num_chunks_enlarged: 986.
num_inconsistent_stats: 0.

CodeHeap 'non-profiled nmethods': size=120000Kb used=2560Kb max_used=2560Kb free=117439Kb
 bounds [0x0000017993880000, 0x0000017993b10000, 0x000001799adb0000]
CodeHeap 'profiled nmethods': size=120000Kb used=10230Kb max_used=10230Kb free=109769Kb
 bounds [0x000001798bdb0000, 0x000001798c7b0000, 0x00000179932e0000]
CodeHeap 'non-nmethods': size=5760Kb used=1395Kb max_used=1479Kb free=4364Kb
 bounds [0x00000179932e0000, 0x0000017993550000, 0x0000017993880000]
CodeCache: size=245760Kb, used=14185Kb, max_used=14269Kb, free=231572Kb
 total_blobs=5875, nmethods=5182, adapters=599, full_count=0
Compilation: enabled, stopped_count=0, restarted_count=0

Compilation events (20 events):
Event: 9.211 Thread 0x00000179e6d2f7d0 5724       4       com.google.inject.internal.CycleDetectingLock$CycleDetectingLockFactory::access$100 (4 bytes)
Event: 9.211 Thread 0x00000179e6d2f7d0 nmethod 5724 0x0000017993afc090 code [0x0000017993afc220, 0x0000017993afc290]
Event: 9.212 Thread 0x000001799f6412e0 nmethod 5720 0x000001798c7a3390 code [0x000001798c7a3760, 0x000001798c7a5168]
Event: 9.212 Thread 0x000001799f6412e0 5721       3       com.google.common.collect.LinkedHashMultimap::asMap (5 bytes)
Event: 9.212 Thread 0x000001799f6412e0 nmethod 5721 0x000001798c7a5a10 code [0x000001798c7a5c00, 0x000001798c7a6140]
Event: 9.212 Thread 0x000001799f6412e0 5722       3       com.google.common.collect.AbstractSetMultimap::asMap (5 bytes)
Event: 9.212 Thread 0x000001799f6412e0 nmethod 5722 0x000001798c7a6310 code [0x000001798c7a64e0, 0x000001798c7a69c0]
Event: 9.212 Thread 0x000001799f6412e0 5723       3       com.google.common.collect.AbstractMultimap::asMap (23 bytes)
Event: 9.213 Thread 0x000001799f6412e0 nmethod 5723 0x000001798c7a6b90 code [0x000001798c7a6d40, 0x000001798c7a6fa8]
Event: 9.213 Thread 0x000001799f6412e0 5725       3       com.google.common.collect.LinkedHashMultimap$ValueEntry::matchesValue (25 bytes)
Event: 9.213 Thread 0x000001799f6412e0 nmethod 5725 0x000001798c7a7090 code [0x000001798c7a7260, 0x000001798c7a7658]
Event: 9.213 Thread 0x000001799f6412e0 5726       3       com.google.common.collect.AbstractMapBasedMultimap$AsMap$AsMapIterator::hasNext (10 bytes)
Event: 9.213 Thread 0x000001799f6412e0 nmethod 5726 0x000001798c7a7790 code [0x000001798c7a7940, 0x000001798c7a7b18]
Event: 9.213 Thread 0x000001799f6412e0 5727       3       com.google.inject.internal.InternalInjectorCreator::isEagerSingleton (62 bytes)
Event: 9.213 Thread 0x000001799f6412e0 nmethod 5727 0x000001798c7a7c10 code [0x000001798c7a7e40, 0x000001798c7a8738]
Event: 9.214 Thread 0x000001799f6412e0 5728       3       com.google.inject.internal.Scoping::isEagerSingleton (38 bytes)
Event: 9.214 Thread 0x000001799f6412e0 nmethod 5728 0x000001798c7a8990 code [0x000001798c7a8b40, 0x000001798c7a8db0]
Event: 9.214 Thread 0x000001799f63c2d0 5729       4       org.eclipse.osgi.storage.bundlefile.NestedDirBundleFile::filterPath (67 bytes)
Event: 9.215 Thread 0x00000179e6d2f7d0 5730       4       java.util.ArrayDeque::addLast (51 bytes)
Event: 9.217 Thread 0x00000179e6d2f7d0 nmethod 5730 0x0000017993afc390 code [0x0000017993afc520, 0x0000017993afc6b8]

GC Heap History (20 events):
Event: 5.981 GC heap before
{Heap before GC invocations=11 (full 1):
 PSYoungGen      total 28672K, used 23872K [0x00000000d5580000, 0x00000000d7580000, 0x0000000100000000)
  eden space 23552K, 100% used [0x00000000d5580000,0x00000000d6c80000,0x00000000d6c80000)
  from space 5120K, 6% used [0x00000000d6e80000,0x00000000d6ed0000,0x00000000d7380000)
  to   space 2048K, 0% used [0x00000000d7380000,0x00000000d7380000,0x00000000d7580000)
 ParOldGen       total 68608K, used 13117K [0x0000000080000000, 0x0000000084300000, 0x00000000d5580000)
  object space 68608K, 19% used [0x0000000080000000,0x0000000080ccf410,0x0000000084300000)
 Metaspace       used 25657K, committed 26496K, reserved 1114112K
  class space    used 2520K, committed 2880K, reserved 1048576K
}
Event: 5.984 GC heap after
{Heap after GC invocations=11 (full 1):
 PSYoungGen      total 25088K, used 1865K [0x00000000d5580000, 0x00000000d7580000, 0x0000000100000000)
  eden space 23040K, 0% used [0x00000000d5580000,0x00000000d5580000,0x00000000d6c00000)
  from space 2048K, 91% used [0x00000000d7380000,0x00000000d7552450,0x00000000d7580000)
  to   space 2560K, 0% used [0x00000000d7080000,0x00000000d7080000,0x00000000d7300000)
 ParOldGen       total 68608K, used 13906K [0x0000000080000000, 0x0000000084300000, 0x00000000d5580000)
  object space 68608K, 20% used [0x0000000080000000,0x0000000080d94920,0x0000000084300000)
 Metaspace       used 25657K, committed 26496K, reserved 1114112K
  class space    used 2520K, committed 2880K, reserved 1048576K
}
Event: 6.491 GC heap before
{Heap before GC invocations=12 (full 1):
 PSYoungGen      total 25088K, used 24905K [0x00000000d5580000, 0x00000000d7580000, 0x0000000100000000)
  eden space 23040K, 100% used [0x00000000d5580000,0x00000000d6c00000,0x00000000d6c00000)
  from space 2048K, 91% used [0x00000000d7380000,0x00000000d7552450,0x00000000d7580000)
  to   space 2560K, 0% used [0x00000000d7080000,0x00000000d7080000,0x00000000d7300000)
 ParOldGen       total 68608K, used 13906K [0x0000000080000000, 0x0000000084300000, 0x00000000d5580000)
  object space 68608K, 20% used [0x0000000080000000,0x0000000080d94920,0x0000000084300000)
 Metaspace       used 29543K, committed 30528K, reserved 1114112K
  class space    used 2952K, committed 3392K, reserved 1048576K
}
Event: 6.494 GC heap after
{Heap after GC invocations=12 (full 1):
 PSYoungGen      total 24576K, used 1538K [0x00000000d5580000, 0x00000000d7400000, 0x0000000100000000)
  eden space 22528K, 0% used [0x00000000d5580000,0x00000000d5580000,0x00000000d6b80000)
  from space 2048K, 75% used [0x00000000d7080000,0x00000000d72008d8,0x00000000d7280000)
  to   space 1536K, 0% used [0x00000000d7280000,0x00000000d7280000,0x00000000d7400000)
 ParOldGen       total 68608K, used 15671K [0x0000000080000000, 0x0000000084300000, 0x00000000d5580000)
  object space 68608K, 22% used [0x0000000080000000,0x0000000080f4dde8,0x0000000084300000)
 Metaspace       used 29543K, committed 30528K, reserved 1114112K
  class space    used 2952K, committed 3392K, reserved 1048576K
}
Event: 6.677 GC heap before
{Heap before GC invocations=13 (full 1):
 PSYoungGen      total 24576K, used 24066K [0x00000000d5580000, 0x00000000d7400000, 0x0000000100000000)
  eden space 22528K, 100% used [0x00000000d5580000,0x00000000d6b80000,0x00000000d6b80000)
  from space 2048K, 75% used [0x00000000d7080000,0x00000000d72008d8,0x00000000d7280000)
  to   space 1536K, 0% used [0x00000000d7280000,0x00000000d7280000,0x00000000d7400000)
 ParOldGen       total 68608K, used 15671K [0x0000000080000000, 0x0000000084300000, 0x00000000d5580000)
  object space 68608K, 22% used [0x0000000080000000,0x0000000080f4dde8,0x0000000084300000)
 Metaspace       used 32749K, committed 33792K, reserved 1114112K
  class space    used 3338K, committed 3776K, reserved 1048576K
}
Event: 6.680 GC heap after
{Heap after GC invocations=13 (full 1):
 PSYoungGen      total 23552K, used 1510K [0x00000000d5580000, 0x00000000d7600000, 0x0000000100000000)
  eden space 22016K, 0% used [0x00000000d5580000,0x00000000d5580000,0x00000000d6b00000)
  from space 1536K, 98% used [0x00000000d7280000,0x00000000d73f9b08,0x00000000d7400000)
  to   space 5632K, 0% used [0x00000000d6b00000,0x00000000d6b00000,0x00000000d7080000)
 ParOldGen       total 68608K, used 18889K [0x0000000080000000, 0x0000000084300000, 0x00000000d5580000)
  object space 68608K, 27% used [0x0000000080000000,0x00000000812727d0,0x0000000084300000)
 Metaspace       used 32749K, committed 33792K, reserved 1114112K
  class space    used 3338K, committed 3776K, reserved 1048576K
}
Event: 6.887 GC heap before
{Heap before GC invocations=14 (full 1):
 PSYoungGen      total 23552K, used 18501K [0x00000000d5580000, 0x00000000d7600000, 0x0000000100000000)
  eden space 22016K, 77% used [0x00000000d5580000,0x00000000d6617c38,0x00000000d6b00000)
  from space 1536K, 98% used [0x00000000d7280000,0x00000000d73f9b08,0x00000000d7400000)
  to   space 5632K, 0% used [0x00000000d6b00000,0x00000000d6b00000,0x00000000d7080000)
 ParOldGen       total 68608K, used 18889K [0x0000000080000000, 0x0000000084300000, 0x00000000d5580000)
  object space 68608K, 27% used [0x0000000080000000,0x00000000812727d0,0x0000000084300000)
 Metaspace       used 34887K, committed 35840K, reserved 1114112K
  class space    used 3621K, committed 4032K, reserved 1048576K
}
Event: 6.892 GC heap after
{Heap after GC invocations=14 (full 1):
 PSYoungGen      total 23552K, used 1431K [0x00000000d5580000, 0x00000000d7300000, 0x0000000100000000)
  eden space 22016K, 0% used [0x00000000d5580000,0x00000000d5580000,0x00000000d6b00000)
  from space 1536K, 93% used [0x00000000d6b00000,0x00000000d6c65ec8,0x00000000d6c80000)
  to   space 3072K, 0% used [0x00000000d7000000,0x00000000d7000000,0x00000000d7300000)
 ParOldGen       total 68608K, used 20125K [0x0000000080000000, 0x0000000084300000, 0x00000000d5580000)
  object space 68608K, 29% used [0x0000000080000000,0x00000000813a7598,0x0000000084300000)
 Metaspace       used 34887K, committed 35840K, reserved 1114112K
  class space    used 3621K, committed 4032K, reserved 1048576K
}
Event: 6.892 GC heap before
{Heap before GC invocations=15 (full 2):
 PSYoungGen      total 23552K, used 1431K [0x00000000d5580000, 0x00000000d7300000, 0x0000000100000000)
  eden space 22016K, 0% used [0x00000000d5580000,0x00000000d5580000,0x00000000d6b00000)
  from space 1536K, 93% used [0x00000000d6b00000,0x00000000d6c65ec8,0x00000000d6c80000)
  to   space 3072K, 0% used [0x00000000d7000000,0x00000000d7000000,0x00000000d7300000)
 ParOldGen       total 68608K, used 20125K [0x0000000080000000, 0x0000000084300000, 0x00000000d5580000)
  object space 68608K, 29% used [0x0000000080000000,0x00000000813a7598,0x0000000084300000)
 Metaspace       used 34887K, committed 35840K, reserved 1114112K
  class space    used 3621K, committed 4032K, reserved 1048576K
}
Event: 6.947 GC heap after
{Heap after GC invocations=15 (full 2):
 PSYoungGen      total 23552K, used 0K [0x00000000d5580000, 0x00000000d7300000, 0x0000000100000000)
  eden space 22016K, 0% used [0x00000000d5580000,0x00000000d5580000,0x00000000d6b00000)
  from space 1536K, 0% used [0x00000000d6b00000,0x00000000d6b00000,0x00000000d6c80000)
  to   space 3072K, 0% used [0x00000000d7000000,0x00000000d7000000,0x00000000d7300000)
 ParOldGen       total 68608K, used 18847K [0x0000000080000000, 0x0000000084300000, 0x00000000d5580000)
  object space 68608K, 27% used [0x0000000080000000,0x0000000081267c78,0x0000000084300000)
 Metaspace       used 34878K, committed 35840K, reserved 1114112K
  class space    used 3618K, committed 4032K, reserved 1048576K
}
Event: 7.276 GC heap before
{Heap before GC invocations=16 (full 2):
 PSYoungGen      total 23552K, used 22016K [0x00000000d5580000, 0x00000000d7300000, 0x0000000100000000)
  eden space 22016K, 100% used [0x00000000d5580000,0x00000000d6b00000,0x00000000d6b00000)
  from space 1536K, 0% used [0x00000000d6b00000,0x00000000d6b00000,0x00000000d6c80000)
  to   space 3072K, 0% used [0x00000000d7000000,0x00000000d7000000,0x00000000d7300000)
 ParOldGen       total 68608K, used 18847K [0x0000000080000000, 0x0000000084300000, 0x00000000d5580000)
  object space 68608K, 27% used [0x0000000080000000,0x0000000081267c78,0x0000000084300000)
 Metaspace       used 37166K, committed 38208K, reserved 1114112K
  class space    used 3933K, committed 4416K, reserved 1048576K
}
Event: 7.278 GC heap after
{Heap after GC invocations=16 (full 2):
 PSYoungGen      total 23552K, used 1142K [0x00000000d5580000, 0x00000000d7180000, 0x0000000100000000)
  eden space 22016K, 0% used [0x00000000d5580000,0x00000000d5580000,0x00000000d6b00000)
  from space 1536K, 74% used [0x00000000d7000000,0x00000000d711db00,0x00000000d7180000)
  to   space 1536K, 0% used [0x00000000d6b00000,0x00000000d6b00000,0x00000000d6c80000)
 ParOldGen       total 68608K, used 18855K [0x0000000080000000, 0x0000000084300000, 0x00000000d5580000)
  object space 68608K, 27% used [0x0000000080000000,0x0000000081269c78,0x0000000084300000)
 Metaspace       used 37166K, committed 38208K, reserved 1114112K
  class space    used 3933K, committed 4416K, reserved 1048576K
}
Event: 7.564 GC heap before
{Heap before GC invocations=17 (full 2):
 PSYoungGen      total 23552K, used 23158K [0x00000000d5580000, 0x00000000d7180000, 0x0000000100000000)
  eden space 22016K, 100% used [0x00000000d5580000,0x00000000d6b00000,0x00000000d6b00000)
  from space 1536K, 74% used [0x00000000d7000000,0x00000000d711db00,0x00000000d7180000)
  to   space 1536K, 0% used [0x00000000d6b00000,0x00000000d6b00000,0x00000000d6c80000)
 ParOldGen       total 68608K, used 18855K [0x0000000080000000, 0x0000000084300000, 0x00000000d5580000)
  object space 68608K, 27% used [0x0000000080000000,0x0000000081269c78,0x0000000084300000)
 Metaspace       used 39508K, committed 40512K, reserved 1114112K
  class space    used 4265K, committed 4736K, reserved 1048576K
}
Event: 7.567 GC heap after
{Heap after GC invocations=17 (full 2):
 PSYoungGen      total 23552K, used 928K [0x00000000d5580000, 0x00000000d7080000, 0x0000000100000000)
  eden space 22016K, 0% used [0x00000000d5580000,0x00000000d5580000,0x00000000d6b00000)
  from space 1536K, 60% used [0x00000000d6b00000,0x00000000d6be8000,0x00000000d6c80000)
  to   space 1536K, 0% used [0x00000000d6f00000,0x00000000d6f00000,0x00000000d7080000)
 ParOldGen       total 68608K, used 19681K [0x0000000080000000, 0x0000000084300000, 0x00000000d5580000)
  object space 68608K, 28% used [0x0000000080000000,0x00000000813387e0,0x0000000084300000)
 Metaspace       used 39508K, committed 40512K, reserved 1114112K
  class space    used 4265K, committed 4736K, reserved 1048576K
}
Event: 7.922 GC heap before
{Heap before GC invocations=18 (full 2):
 PSYoungGen      total 23552K, used 22944K [0x00000000d5580000, 0x00000000d7080000, 0x0000000100000000)
  eden space 22016K, 100% used [0x00000000d5580000,0x00000000d6b00000,0x00000000d6b00000)
  from space 1536K, 60% used [0x00000000d6b00000,0x00000000d6be8000,0x00000000d6c80000)
  to   space 1536K, 0% used [0x00000000d6f00000,0x00000000d6f00000,0x00000000d7080000)
 ParOldGen       total 68608K, used 19681K [0x0000000080000000, 0x0000000084300000, 0x00000000d5580000)
  object space 68608K, 28% used [0x0000000080000000,0x00000000813387e0,0x0000000084300000)
 Metaspace       used 41382K, committed 42432K, reserved 1114112K
  class space    used 4504K, committed 4928K, reserved 1048576K
}
Event: 7.924 GC heap after
{Heap after GC invocations=18 (full 2):
 PSYoungGen      total 23040K, used 960K [0x00000000d5580000, 0x00000000d7000000, 0x0000000100000000)
  eden space 22016K, 0% used [0x00000000d5580000,0x00000000d5580000,0x00000000d6b00000)
  from space 1024K, 93% used [0x00000000d6f00000,0x00000000d6ff0000,0x00000000d7000000)
  to   space 1024K, 0% used [0x00000000d6e00000,0x00000000d6e00000,0x00000000d6f00000)
 ParOldGen       total 68608K, used 20353K [0x0000000080000000, 0x0000000084300000, 0x00000000d5580000)
  object space 68608K, 29% used [0x0000000080000000,0x00000000813e07f0,0x0000000084300000)
 Metaspace       used 41382K, committed 42432K, reserved 1114112K
  class space    used 4504K, committed 4928K, reserved 1048576K
}
Event: 8.449 GC heap before
{Heap before GC invocations=19 (full 2):
 PSYoungGen      total 23040K, used 22976K [0x00000000d5580000, 0x00000000d7000000, 0x0000000100000000)
  eden space 22016K, 100% used [0x00000000d5580000,0x00000000d6b00000,0x00000000d6b00000)
  from space 1024K, 93% used [0x00000000d6f00000,0x00000000d6ff0000,0x00000000d7000000)
  to   space 1024K, 0% used [0x00000000d6e00000,0x00000000d6e00000,0x00000000d6f00000)
 ParOldGen       total 68608K, used 20353K [0x0000000080000000, 0x0000000084300000, 0x00000000d5580000)
  object space 68608K, 29% used [0x0000000080000000,0x00000000813e07f0,0x0000000084300000)
 Metaspace       used 43897K, committed 44928K, reserved 1114112K
  class space    used 4820K, committed 5248K, reserved 1048576K
}
Event: 8.453 GC heap after
{Heap after GC invocations=19 (full 2):
 PSYoungGen      total 23040K, used 1008K [0x00000000d5580000, 0x00000000d7000000, 0x0000000100000000)
  eden space 22016K, 0% used [0x00000000d5580000,0x00000000d5580000,0x00000000d6b00000)
  from space 1024K, 98% used [0x00000000d6e00000,0x00000000d6efc010,0x00000000d6f00000)
  to   space 1024K, 0% used [0x00000000d6f00000,0x00000000d6f00000,0x00000000d7000000)
 ParOldGen       total 68608K, used 21457K [0x0000000080000000, 0x0000000084300000, 0x00000000d5580000)
  object space 68608K, 31% used [0x0000000080000000,0x00000000814f4580,0x0000000084300000)
 Metaspace       used 43897K, committed 44928K, reserved 1114112K
  class space    used 4820K, committed 5248K, reserved 1048576K
}
Event: 9.197 GC heap before
{Heap before GC invocations=20 (full 2):
 PSYoungGen      total 23040K, used 23024K [0x00000000d5580000, 0x00000000d7000000, 0x0000000100000000)
  eden space 22016K, 100% used [0x00000000d5580000,0x00000000d6b00000,0x00000000d6b00000)
  from space 1024K, 98% used [0x00000000d6e00000,0x00000000d6efc010,0x00000000d6f00000)
  to   space 1024K, 0% used [0x00000000d6f00000,0x00000000d6f00000,0x00000000d7000000)
 ParOldGen       total 68608K, used 21457K [0x0000000080000000, 0x0000000084300000, 0x00000000d5580000)
  object space 68608K, 31% used [0x0000000080000000,0x00000000814f4580,0x0000000084300000)
 Metaspace       used 46155K, committed 47168K, reserved 1114112K
  class space    used 5144K, committed 5568K, reserved 1048576K
}
Event: 9.200 GC heap after
{Heap after GC invocations=20 (full 2):
 PSYoungGen      total 23040K, used 1008K [0x00000000d5580000, 0x00000000d7200000, 0x0000000100000000)
  eden space 22016K, 0% used [0x00000000d5580000,0x00000000d5580000,0x00000000d6b00000)
  from space 1024K, 98% used [0x00000000d6f00000,0x00000000d6ffc030,0x00000000d7000000)
  to   space 3584K, 0% used [0x00000000d6b00000,0x00000000d6b00000,0x00000000d6e80000)
 ParOldGen       total 68608K, used 23668K [0x0000000080000000, 0x0000000084300000, 0x00000000d5580000)
  object space 68608K, 34% used [0x0000000080000000,0x000000008171d2c0,0x0000000084300000)
 Metaspace       used 46155K, committed 47168K, reserved 1114112K
  class space    used 5144K, committed 5568K, reserved 1048576K
}

Dll operation events (14 events):
Event: 0.013 Loaded shared library c:\Users\Pacwa\.antigravity-ide\extensions\redhat.java-1.54.0-win32-x64\jre\21.0.10-win32-x86_64\bin\java.dll
Event: 0.097 Loaded shared library c:\Users\Pacwa\.antigravity-ide\extensions\redhat.java-1.54.0-win32-x64\jre\21.0.10-win32-x86_64\bin\zip.dll
Event: 0.126 Loaded shared library C:\Users\Pacwa\.antigravity-ide\extensions\redhat.java-1.54.0-win32-x64\jre\21.0.10-win32-x86_64\bin\instrument.dll
Event: 0.131 Loaded shared library C:\Users\Pacwa\.antigravity-ide\extensions\redhat.java-1.54.0-win32-x64\jre\21.0.10-win32-x86_64\bin\net.dll
Event: 0.135 Loaded shared library C:\Users\Pacwa\.antigravity-ide\extensions\redhat.java-1.54.0-win32-x64\jre\21.0.10-win32-x86_64\bin\nio.dll
Event: 0.138 Loaded shared library C:\Users\Pacwa\.antigravity-ide\extensions\redhat.java-1.54.0-win32-x64\jre\21.0.10-win32-x86_64\bin\zip.dll
Event: 0.161 Loaded shared library C:\Users\Pacwa\.antigravity-ide\extensions\redhat.java-1.54.0-win32-x64\jre\21.0.10-win32-x86_64\bin\jimage.dll
Event: 0.271 Loaded shared library c:\Users\Pacwa\.antigravity-ide\extensions\redhat.java-1.54.0-win32-x64\jre\21.0.10-win32-x86_64\bin\verify.dll
Event: 1.926 Loaded shared library C:\Users\Pacwa\AppData\Roaming\Antigravity IDE\User\globalStorage\redhat.java\1.54.0\config_win\org.eclipse.equinox.launcher\org.eclipse.equinox.launcher.win32.win32.x86_64_1.3.0.v20260203-2149\eclipse_11919.dll
Event: 4.794 Loaded shared library C:\Users\Pacwa\.antigravity-ide\extensions\redhat.java-1.54.0-win32-x64\jre\21.0.10-win32-x86_64\bin\management.dll
Event: 4.796 Loaded shared library C:\Users\Pacwa\.antigravity-ide\extensions\redhat.java-1.54.0-win32-x64\jre\21.0.10-win32-x86_64\bin\management_ext.dll
Event: 6.329 Loaded shared library C:\Users\Pacwa\AppData\Local\Temp\jna-76870332\jna6698489430010713744.dll
Event: 6.875 Loaded shared library C:\Users\Pacwa\.antigravity-ide\extensions\redhat.java-1.54.0-win32-x64\jre\21.0.10-win32-x86_64\bin\sunmscapi.dll
Event: 7.116 Loaded shared library C:\Users\Pacwa\.antigravity-ide\extensions\redhat.java-1.54.0-win32-x64\jre\21.0.10-win32-x86_64\bin\extnet.dll

Deoptimization events (20 events):
Event: 9.133 Thread 0x00000179e6984b10 Uncommon trap: trap_request=0xffffffbe fr.pc=0x0000017993af41d4 relative=0x0000000000000374
Event: 9.133 Thread 0x00000179e6984b10 Uncommon trap: reason=profile_predicate action=maybe_recompile pc=0x0000017993af41d4 method=com.google.inject.internal.aop.ImmutableStringTrie.nextPivotColumn([Ljava/lang/String;III)I @ 21 c2
Event: 9.133 Thread 0x00000179e6984b10 DEOPT PACKING pc=0x0000017993af41d4 sp=0x000000038bbfd130
Event: 9.133 Thread 0x00000179e6984b10 DEOPT UNPACKING pc=0x0000017993333aa2 sp=0x000000038bbfd0c0 mode 2
Event: 9.134 Thread 0x00000179e6984b10 Uncommon trap: trap_request=0xffffffbe fr.pc=0x0000017993af41d4 relative=0x0000000000000374
Event: 9.134 Thread 0x00000179e6984b10 Uncommon trap: reason=profile_predicate action=maybe_recompile pc=0x0000017993af41d4 method=com.google.inject.internal.aop.ImmutableStringTrie.nextPivotColumn([Ljava/lang/String;III)I @ 21 c2
Event: 9.135 Thread 0x00000179e6984b10 DEOPT PACKING pc=0x0000017993af41d4 sp=0x000000038bbfd130
Event: 9.135 Thread 0x00000179e6984b10 DEOPT UNPACKING pc=0x0000017993333aa2 sp=0x000000038bbfd0c0 mode 2
Event: 9.137 Thread 0x00000179e6984b10 Uncommon trap: trap_request=0xffffffbe fr.pc=0x0000017993af41d4 relative=0x0000000000000374
Event: 9.137 Thread 0x00000179e6984b10 Uncommon trap: reason=profile_predicate action=maybe_recompile pc=0x0000017993af41d4 method=com.google.inject.internal.aop.ImmutableStringTrie.nextPivotColumn([Ljava/lang/String;III)I @ 21 c2
Event: 9.137 Thread 0x00000179e6984b10 DEOPT PACKING pc=0x0000017993af41d4 sp=0x000000038bbfd240
Event: 9.137 Thread 0x00000179e6984b10 DEOPT UNPACKING pc=0x0000017993333aa2 sp=0x000000038bbfd1d0 mode 2
Event: 9.155 Thread 0x00000179e6984b10 Uncommon trap: trap_request=0xffffffde fr.pc=0x0000017993a87b74 relative=0x0000000000000e14
Event: 9.155 Thread 0x00000179e6984b10 Uncommon trap: reason=class_check action=maybe_recompile pc=0x0000017993a87b74 method=java.util.HashMap.putVal(ILjava/lang/Object;Ljava/lang/Object;ZZ)Ljava/lang/Object; @ 203 c2
Event: 9.155 Thread 0x00000179e6984b10 DEOPT PACKING pc=0x0000017993a87b74 sp=0x000000038bbfe340
Event: 9.155 Thread 0x00000179e6984b10 DEOPT UNPACKING pc=0x0000017993333aa2 sp=0x000000038bbfe1d8 mode 2
Event: 9.155 Thread 0x00000179e6984b10 Uncommon trap: trap_request=0xffffffde fr.pc=0x0000017993a87b74 relative=0x0000000000000e14
Event: 9.155 Thread 0x00000179e6984b10 Uncommon trap: reason=class_check action=maybe_recompile pc=0x0000017993a87b74 method=java.util.HashMap.putVal(ILjava/lang/Object;Ljava/lang/Object;ZZ)Ljava/lang/Object; @ 203 c2
Event: 9.155 Thread 0x00000179e6984b10 DEOPT PACKING pc=0x0000017993a87b74 sp=0x000000038bbfe340
Event: 9.155 Thread 0x00000179e6984b10 DEOPT UNPACKING pc=0x0000017993333aa2 sp=0x000000038bbfe1d8 mode 2

Classes loaded (20 events):
Event: 8.254 Loading class sun/reflect/generics/tree/VoidDescriptor
Event: 8.254 Loading class sun/reflect/generics/tree/VoidDescriptor done
Event: 8.277 Loading class java/nio/channels/ServerSocketChannel
Event: 8.277 Loading class java/nio/channels/ServerSocketChannel done
Event: 8.403 Loading class java/io/UncheckedIOException
Event: 8.403 Loading class java/io/UncheckedIOException done
Event: 8.543 Loading class sun/net/www/http/KeepAliveCache$1
Event: 8.544 Loading class sun/net/www/http/KeepAliveCache$1 done
Event: 8.548 Loading class sun/net/www/http/KeepAliveCache$ClientVector
Event: 8.548 Loading class sun/net/www/http/KeepAliveCache$ClientVector done
Event: 8.553 Loading class sun/net/www/http/KeepAliveEntry
Event: 8.553 Loading class sun/net/www/http/KeepAliveEntry done
Event: 8.617 Loading class java/nio/file/AccessDeniedException
Event: 8.617 Loading class java/nio/file/AccessDeniedException done
Event: 8.750 Loading class java/lang/ExceptionInInitializerError
Event: 8.750 Loading class java/lang/ExceptionInInitializerError done
Event: 8.751 Loading class sun/misc/Unsafe
Event: 8.751 Loading class sun/misc/Unsafe done
Event: 8.780 Loading class jdk/internal/org/objectweb/asm/ClassReader
Event: 8.781 Loading class jdk/internal/org/objectweb/asm/ClassReader done

Classes unloaded (12 events):
Event: 5.477 Thread 0x0000017988c51be0 Unloading class 0x00000179a11a9400 'java/lang/invoke/LambdaForm$MH+0x00000179a11a9400'
Event: 5.477 Thread 0x0000017988c51be0 Unloading class 0x00000179a11a9000 'java/lang/invoke/LambdaForm$MH+0x00000179a11a9000'
Event: 5.477 Thread 0x0000017988c51be0 Unloading class 0x00000179a11a8c00 'java/lang/invoke/LambdaForm$MH+0x00000179a11a8c00'
Event: 5.477 Thread 0x0000017988c51be0 Unloading class 0x00000179a11a8800 'java/lang/invoke/LambdaForm$MH+0x00000179a11a8800'
Event: 5.477 Thread 0x0000017988c51be0 Unloading class 0x00000179a11a8400 'java/lang/invoke/LambdaForm$BMH+0x00000179a11a8400'
Event: 5.477 Thread 0x0000017988c51be0 Unloading class 0x00000179a11a8000 'java/lang/invoke/LambdaForm$DMH+0x00000179a11a8000'
Event: 5.477 Thread 0x0000017988c51be0 Unloading class 0x00000179a11a6c00 'java/lang/invoke/LambdaForm$DMH+0x00000179a11a6c00'
Event: 6.902 Thread 0x0000017988c51be0 Unloading class 0x00000179a1320400 'java/lang/invoke/LambdaForm$MH+0x00000179a1320400'
Event: 6.902 Thread 0x0000017988c51be0 Unloading class 0x00000179a131f800 'java/lang/invoke/LambdaForm$MH+0x00000179a131f800'
Event: 6.902 Thread 0x0000017988c51be0 Unloading class 0x00000179a131f000 'java/lang/invoke/LambdaForm$MH+0x00000179a131f000'
Event: 6.902 Thread 0x0000017988c51be0 Unloading class 0x00000179a131e800 'java/lang/invoke/LambdaForm$MH+0x00000179a131e800'
Event: 6.902 Thread 0x0000017988c51be0 Unloading class 0x00000179a131e400 'java/lang/invoke/LambdaForm$DMH+0x00000179a131e400'

Classes redefined (0 events):
No events

Internal exceptions (20 events):
Event: 6.422 Thread 0x00000179e6be8840 Exception <a 'java/lang/NoSuchMethodError'{0x00000000d65fda20}: 'int java.lang.invoke.Invokers$Holder.invokeExact_MT(java.lang.Object, java.lang.Object, java.lang.Object)'> (0x00000000d65fda20) 
thrown [s\src\hotspot\share\interpreter\linkResolver.cpp, line 773]
Event: 6.426 Thread 0x00000179e6be8840 Exception <a 'java/lang/UnsatisfiedLinkError'{0x00000000d660c110}: The specified procedure could not be found.
> (0x00000000d660c110) 
thrown [s\src\hotspot\share\prims\jni.cpp, line 539]
Event: 6.434 Thread 0x00000179e6984b10 Exception <a 'java/lang/NoSuchMethodError'{0x00000000d66ad818}: 'java.lang.Object java.lang.invoke.DirectMethodHandle$Holder.invokeSpecialIFC(java.lang.Object, java.lang.Object, java.lang.Object, java.lang.Object)'> (0x00000000d66ad818) 
thrown [s\src\hotspot\share\interpreter\linkResolver.cpp, line 773]
Event: 6.435 Thread 0x00000179e6be8840 Exception <a 'java/lang/NoSuchMethodError'{0x00000000d6618f08}: 'void java.lang.invoke.Invokers$Holder.invokeExact_MT(java.lang.Object, java.lang.Object, int, java.lang.Object)'> (0x00000000d6618f08) 
thrown [s\src\hotspot\share\interpreter\linkResolver.cpp, line 773]
Event: 6.535 Thread 0x0000017988bac730 Exception <a 'java/io/FileNotFoundException'{0x00000000d5b5bec0}> (0x00000000d5b5bec0) 
thrown [s\src\hotspot\share\prims\jni.cpp, line 520]
Event: 6.556 Thread 0x00000179e6984480 Exception <a 'sun/nio/fs/WindowsException'{0x00000000d5e7b6e8}> (0x00000000d5e7b6e8) 
thrown [s\src\hotspot\share\prims\jni.cpp, line 520]
Event: 6.587 Thread 0x0000017988bac730 Exception <a 'java/lang/NoSuchMethodError'{0x00000000d61c4ac0}: 'java.lang.Object java.lang.invoke.DirectMethodHandle$Holder.invokeStatic(java.lang.Object, long, java.lang.Object)'> (0x00000000d61c4ac0) 
thrown [s\src\hotspot\share\interpreter\linkResolver.cpp, line 773]
Event: 6.587 Thread 0x0000017988bac730 Exception <a 'java/lang/NoSuchMethodError'{0x00000000d61c8128}: 'java.lang.Object java.lang.invoke.DirectMethodHandle$Holder.invokeStaticInit(java.lang.Object, long, java.lang.Object)'> (0x00000000d61c8128) 
thrown [s\src\hotspot\share\interpreter\linkResolver.cpp, line 773]
Event: 6.589 Thread 0x0000017988bac730 Exception <a 'java/lang/NoSuchMethodError'{0x00000000d621e928}: 'java.lang.Object java.lang.invoke.DirectMethodHandle$Holder.newInvokeSpecial(java.lang.Object, long)'> (0x00000000d621e928) 
thrown [s\src\hotspot\share\interpreter\linkResolver.cpp, line 773]
Event: 7.155 Thread 0x00000179e6984b10 Exception <a 'java/lang/NoClassDefFoundError'{0x00000000d5dbb6c0}: javax/enterprise/inject/Typed> (0x00000000d5dbb6c0) 
thrown [s\src\hotspot\share\classfile\systemDictionary.cpp, line 301]
Event: 7.322 Thread 0x0000017988bac730 Exception <a 'java/lang/NoSuchMethodError'{0x00000000d5b42d98}: 'void java.lang.invoke.DirectMethodHandle$Holder.invokeSpecial(java.lang.Object, java.lang.Object, java.lang.Object, java.lang.Object, java.lang.Object, java.lang.Object)'> (0x00000000d5b42d98) 
thrown [s\src\hotspot\share\interpreter\linkResolver.cpp, line 773]
Event: 7.324 Thread 0x0000017988bac730 Exception <a 'java/lang/IncompatibleClassChangeError'{0x00000000d5b4a588}: Found class java.lang.Object, but interface was expected> (0x00000000d5b4a588) 
thrown [s\src\hotspot\share\interpreter\linkResolver.cpp, line 840]
Event: 7.325 Thread 0x0000017988bac730 Exception <a 'java/lang/IncompatibleClassChangeError'{0x00000000d5b4c2d0}: Found class java.lang.Object, but interface was expected> (0x00000000d5b4c2d0) 
thrown [s\src\hotspot\share\interpreter\linkResolver.cpp, line 840]
Event: 8.663 Thread 0x00000179e6984480 Exception <a 'java/lang/NoSuchMethodError'{0x00000000d5aaa598}: 'void java.lang.invoke.DirectMethodHandle$Holder.invokeStaticInit(java.lang.Object, java.lang.Object, java.lang.Object, java.lang.Object)'> (0x00000000d5aaa598) 
thrown [s\src\hotspot\share\interpreter\linkResolver.cpp, line 773]
Event: 8.742 Thread 0x00000179e6984b10 Exception <a 'java/lang/NoSuchMethodError'{0x00000000d5e82ab8}: 'void java.lang.invoke.DirectMethodHandle$Holder.invokeStaticInit(java.lang.Object, java.lang.Object, java.lang.Object)'> (0x00000000d5e82ab8) 
thrown [s\src\hotspot\share\interpreter\linkResolver.cpp, line 773]
Event: 8.753 Thread 0x00000179e6984b10 Exception <a 'java/lang/ExceptionInInitializerError'{0x00000000d5ec53e8}> (0x00000000d5ec53e8) 
thrown [s\src\hotspot\share\oops\instanceKlass.cpp, line 1220]
Event: 8.777 Thread 0x00000179e6984b10 Exception <a 'java/lang/NoSuchMethodError'{0x00000000d5f42c80}: 'long java.lang.invoke.DirectMethodHandle$Holder.invokeStatic(java.lang.Object, java.lang.Object, int)'> (0x00000000d5f42c80) 
thrown [s\src\hotspot\share\interpreter\linkResolver.cpp, line 773]
Event: 8.782 Thread 0x00000179e6984b10 Implicit null exception at 0x00000179939c3600 to 0x00000179939c3884
Event: 8.783 Thread 0x00000179e6984b10 Implicit null exception at 0x00000179939308a0 to 0x0000017993931810
Event: 8.784 Thread 0x00000179e6984b10 Exception <a 'java/lang/NoSuchMethodError'{0x00000000d5f83718}: 'java.lang.Object java.lang.invoke.Invokers$Holder.invokeExact_MT(java.lang.Object, int, java.lang.Object)'> (0x00000000d5f83718) 
thrown [s\src\hotspot\share\interpreter\linkResolver.cpp, line 773]

ZGC Phase Switch (0 events):
No events

VM Operations (20 events):
Event: 7.276 Executing safepoint VM operation: ParallelGCFailedAllocation (Allocation Failure)
Event: 7.278 Executing safepoint VM operation: ParallelGCFailedAllocation (Allocation Failure) done
Event: 7.564 Executing safepoint VM operation: ParallelGCFailedAllocation (Allocation Failure)
Event: 7.567 Executing safepoint VM operation: ParallelGCFailedAllocation (Allocation Failure) done
Event: 7.921 Executing safepoint VM operation: ParallelGCFailedAllocation (Allocation Failure)
Event: 7.924 Executing safepoint VM operation: ParallelGCFailedAllocation (Allocation Failure) done
Event: 7.970 Executing non-safepoint VM operation: HandshakeAllThreads (Deoptimize)
Event: 7.970 Executing non-safepoint VM operation: HandshakeAllThreads (Deoptimize) done
Event: 8.005 Executing non-safepoint VM operation: HandshakeAllThreads (Deoptimize)
Event: 8.005 Executing non-safepoint VM operation: HandshakeAllThreads (Deoptimize) done
Event: 8.168 Executing non-safepoint VM operation: HandshakeAllThreads (Deoptimize)
Event: 8.168 Executing non-safepoint VM operation: HandshakeAllThreads (Deoptimize) done
Event: 8.448 Executing safepoint VM operation: ParallelGCFailedAllocation (Allocation Failure)
Event: 8.453 Executing safepoint VM operation: ParallelGCFailedAllocation (Allocation Failure) done
Event: 8.551 Executing non-safepoint VM operation: HandshakeAllThreads (Deoptimize)
Event: 8.551 Executing non-safepoint VM operation: HandshakeAllThreads (Deoptimize) done
Event: 8.851 Executing non-safepoint VM operation: HandshakeAllThreads (Deoptimize)
Event: 8.851 Executing non-safepoint VM operation: HandshakeAllThreads (Deoptimize) done
Event: 9.197 Executing safepoint VM operation: ParallelGCFailedAllocation (Allocation Failure)
Event: 9.200 Executing safepoint VM operation: ParallelGCFailedAllocation (Allocation Failure) done

Memory protections (0 events):
No events

Nmethod flushes (20 events):
Event: 6.918 Thread 0x0000017988c51be0 flushing  nmethod 0x000001798c37c890
Event: 6.918 Thread 0x0000017988c51be0 flushing  nmethod 0x000001798c37da90
Event: 6.918 Thread 0x0000017988c51be0 flushing  nmethod 0x000001798c37e290
Event: 6.918 Thread 0x0000017988c51be0 flushing  nmethod 0x000001798c37ea10
Event: 6.918 Thread 0x0000017988c51be0 flushing  nmethod 0x000001798c380790
Event: 6.918 Thread 0x0000017988c51be0 flushing  nmethod 0x000001798c380c90
Event: 6.918 Thread 0x0000017988c51be0 flushing  nmethod 0x000001798c382e10
Event: 6.918 Thread 0x0000017988c51be0 flushing  nmethod 0x000001798c383290
Event: 6.918 Thread 0x0000017988c51be0 flushing  nmethod 0x000001798c384910
Event: 6.918 Thread 0x0000017988c51be0 flushing  nmethod 0x000001798c384e10
Event: 6.918 Thread 0x0000017988c51be0 flushing  nmethod 0x000001798c386310
Event: 6.918 Thread 0x0000017988c51be0 flushing  nmethod 0x000001798c386610
Event: 6.918 Thread 0x0000017988c51be0 flushing  nmethod 0x000001798c3a1210
Event: 6.918 Thread 0x0000017988c51be0 flushing  nmethod 0x000001798c3b9c90
Event: 6.918 Thread 0x0000017988c51be0 flushing  nmethod 0x000001798c3bac90
Event: 6.918 Thread 0x0000017988c51be0 flushing  nmethod 0x000001798c3cc290
Event: 6.918 Thread 0x0000017988c51be0 flushing  nmethod 0x000001798c3cd610
Event: 6.918 Thread 0x0000017988c51be0 flushing  nmethod 0x000001798c41a090
Event: 6.918 Thread 0x0000017988c51be0 flushing  nmethod 0x000001798c467a10
Event: 6.918 Thread 0x0000017988c51be0 flushing  nmethod 0x000001798c477590

Events (20 events):
Event: 6.443 Thread 0x00000179e6986be0 Thread added: 0x00000179e6984480
Event: 6.487 Thread 0x00000179e6984480 Thread added: 0x00000179e6985830
Event: 6.555 Thread 0x00000179e6985830 Thread added: 0x00000179e6986550
Event: 6.558 Thread 0x00000179e6986550 Thread added: 0x00000179e6987270
Event: 6.604 Thread 0x0000017988bac730 Thread added: 0x00000179e6de1f30
Event: 6.604 Thread 0x0000017988bac730 Thread added: 0x00000179e6de25c0
Event: 6.605 Thread 0x0000017988bac730 Thread added: 0x00000179e6de4690
Event: 6.605 Thread 0x0000017988bac730 Thread added: 0x00000179e6de5a40
Event: 6.605 Thread 0x0000017988bac730 Thread added: 0x00000179e6de32e0
Event: 6.606 Thread 0x0000017988bac730 Thread added: 0x00000179e6de4d20
Event: 6.606 Thread 0x0000017988bac730 Thread added: 0x00000179e6de3970
Event: 6.606 Thread 0x0000017988bac730 Thread added: 0x00000179e6de4000
Event: 6.606 Thread 0x0000017988bac730 Thread added: 0x00000179e6de53b0
Event: 6.642 Thread 0x000001799f6412e0 Thread added: 0x00000179e62d6450
Event: 6.648 Thread 0x0000017988bac730 Thread added: 0x00000179e6de60d0
Event: 7.365 Thread 0x0000017988bac730 Thread added: 0x00000179e6de2c50
Event: 7.366 Thread 0x0000017988bac730 Thread added: 0x00000179e6de6df0
Event: 8.004 Thread 0x00000179e6984480 Thread added: 0x00000179e6de8ec0
Event: 8.005 Thread 0x00000179e6de8ec0 Thread exited: 0x00000179e6de8ec0
Event: 8.548 Thread 0x00000179e6984480 Thread added: 0x00000179e6de6760


Dynamic libraries:
0x00007ff6f7d80000 - 0x00007ff6f7d8e000 	c:\Users\Pacwa\.antigravity-ide\extensions\redhat.java-1.54.0-win32-x64\jre\21.0.10-win32-x86_64\bin\java.exe
0x00007ff806ac0000 - 0x00007ff806d27000 	C:\WINDOWS\SYSTEM32\ntdll.dll
0x00007ff8052c0000 - 0x00007ff805389000 	C:\WINDOWS\System32\KERNEL32.DLL
0x00007ff804260000 - 0x00007ff804657000 	C:\WINDOWS\System32\KERNELBASE.dll
0x00007ff8046f0000 - 0x00007ff80483b000 	C:\WINDOWS\System32\ucrtbase.dll
0x00007fffcd3b0000 - 0x00007fffcd3ce000 	c:\Users\Pacwa\.antigravity-ide\extensions\redhat.java-1.54.0-win32-x64\jre\21.0.10-win32-x86_64\bin\VCRUNTIME140.dll
0x00007fffcd3d0000 - 0x00007fffcd3e8000 	c:\Users\Pacwa\.antigravity-ide\extensions\redhat.java-1.54.0-win32-x64\jre\21.0.10-win32-x86_64\bin\jli.dll
0x00007ff8055d0000 - 0x00007ff805796000 	C:\WINDOWS\System32\USER32.dll
0x00007fffea9e0000 - 0x00007fffeac72000 	C:\WINDOWS\WinSxS\amd64_microsoft.windows.common-controls_6595b64144ccf1df_6.0.26100.8457_none_3e0b2faee331e92d\COMCTL32.dll
0x00007ff804230000 - 0x00007ff804257000 	C:\WINDOWS\System32\win32u.dll
0x00007ff805020000 - 0x00007ff8050c9000 	C:\WINDOWS\System32\msvcrt.dll
0x00007ff804840000 - 0x00007ff80486b000 	C:\WINDOWS\System32\GDI32.dll
0x00007ff804100000 - 0x00007ff80422c000 	C:\WINDOWS\System32\gdi32full.dll
0x00007ff803d60000 - 0x00007ff803e03000 	C:\WINDOWS\System32\msvcp_win.dll
0x00007ff806a30000 - 0x00007ff806a62000 	C:\WINDOWS\System32\IMM32.DLL
0x00007fffd72f0000 - 0x00007fffd72fc000 	c:\Users\Pacwa\.antigravity-ide\extensions\redhat.java-1.54.0-win32-x64\jre\21.0.10-win32-x86_64\bin\vcruntime140_1.dll
0x00007fff70080000 - 0x00007fff7010d000 	c:\Users\Pacwa\.antigravity-ide\extensions\redhat.java-1.54.0-win32-x64\jre\21.0.10-win32-x86_64\bin\msvcp140.dll
0x00007fff43610000 - 0x00007fff443b1000 	c:\Users\Pacwa\.antigravity-ide\extensions\redhat.java-1.54.0-win32-x64\jre\21.0.10-win32-x86_64\bin\server\jvm.dll
0x00007ff8065f0000 - 0x00007ff8066a6000 	C:\WINDOWS\System32\ADVAPI32.dll
0x00007ff806540000 - 0x00007ff8065e7000 	C:\WINDOWS\System32\sechost.dll
0x00007ff804d90000 - 0x00007ff804ea8000 	C:\WINDOWS\System32\RPCRT4.dll
0x00007ff804f90000 - 0x00007ff805010000 	C:\WINDOWS\System32\WS2_32.dll
0x00007ff803350000 - 0x00007ff8033ae000 	C:\WINDOWS\SYSTEM32\POWRPROF.dll
0x00007fffe81f0000 - 0x00007fffe8226000 	C:\WINDOWS\SYSTEM32\WINMM.dll
0x00007ffff7a50000 - 0x00007ffff7a5b000 	C:\WINDOWS\SYSTEM32\VERSION.dll
0x00007ff803330000 - 0x00007ff803344000 	C:\WINDOWS\SYSTEM32\UMPDC.dll
0x00007ff802240000 - 0x00007ff80225b000 	C:\WINDOWS\SYSTEM32\kernel.appcore.dll
0x00007fffd6c40000 - 0x00007fffd6c4a000 	c:\Users\Pacwa\.antigravity-ide\extensions\redhat.java-1.54.0-win32-x64\jre\21.0.10-win32-x86_64\bin\jimage.dll
0x00007ff801220000 - 0x00007ff801462000 	C:\WINDOWS\SYSTEM32\DBGHELP.DLL
0x00007ff804a00000 - 0x00007ff804d83000 	C:\WINDOWS\System32\combase.dll
0x00007ff8051e0000 - 0x00007ff8052b9000 	C:\WINDOWS\System32\OLEAUT32.dll
0x00007fffeb050000 - 0x00007fffeb08b000 	C:\WINDOWS\SYSTEM32\dbgcore.DLL
0x00007ff803e10000 - 0x00007ff803eb8000 	C:\WINDOWS\System32\bcryptPrimitives.dll
0x00007fffc4e90000 - 0x00007fffc4e9f000 	c:\Users\Pacwa\.antigravity-ide\extensions\redhat.java-1.54.0-win32-x64\jre\21.0.10-win32-x86_64\bin\instrument.dll
0x00007fff991b0000 - 0x00007fff991d0000 	c:\Users\Pacwa\.antigravity-ide\extensions\redhat.java-1.54.0-win32-x64\jre\21.0.10-win32-x86_64\bin\java.dll
0x00007ff805dc0000 - 0x00007ff80652e000 	C:\WINDOWS\System32\SHELL32.dll
0x00007ff8034f0000 - 0x00007ff803d5c000 	C:\WINDOWS\System32\windows.storage.dll
0x00007ff805c30000 - 0x00007ff805d26000 	C:\WINDOWS\System32\SHCORE.dll
0x00007ff804870000 - 0x00007ff8048d6000 	C:\WINDOWS\System32\shlwapi.dll
0x00007ff803410000 - 0x00007ff803439000 	C:\WINDOWS\SYSTEM32\profapi.dll
0x00007fff982d0000 - 0x00007fff982e8000 	c:\Users\Pacwa\.antigravity-ide\extensions\redhat.java-1.54.0-win32-x64\jre\21.0.10-win32-x86_64\bin\zip.dll
0x00007fffcd410000 - 0x00007fffcd420000 	C:\Users\Pacwa\.antigravity-ide\extensions\redhat.java-1.54.0-win32-x64\jre\21.0.10-win32-x86_64\bin\net.dll
0x00007ffff6b20000 - 0x00007ffff6c49000 	C:\WINDOWS\SYSTEM32\WINHTTP.dll
0x00007ff802790000 - 0x00007ff8027fc000 	C:\WINDOWS\system32\mswsock.dll
0x00007fffcd3f0000 - 0x00007fffcd406000 	C:\Users\Pacwa\.antigravity-ide\extensions\redhat.java-1.54.0-win32-x64\jre\21.0.10-win32-x86_64\bin\nio.dll
0x00007fffad1b0000 - 0x00007fffad1c0000 	c:\Users\Pacwa\.antigravity-ide\extensions\redhat.java-1.54.0-win32-x64\jre\21.0.10-win32-x86_64\bin\verify.dll
0x00007fffc4ea0000 - 0x00007fffc4ee5000 	C:\Users\Pacwa\AppData\Roaming\Antigravity IDE\User\globalStorage\redhat.java\1.54.0\config_win\org.eclipse.equinox.launcher\org.eclipse.equinox.launcher.win32.win32.x86_64_1.3.0.v20260203-2149\eclipse_11919.dll
0x00007ff806890000 - 0x00007ff806a27000 	C:\WINDOWS\System32\ole32.dll
0x00007ff800150000 - 0x00007ff80015a000 	C:\Users\Pacwa\.antigravity-ide\extensions\redhat.java-1.54.0-win32-x64\jre\21.0.10-win32-x86_64\bin\management.dll
0x00007fffe26c0000 - 0x00007fffe26cc000 	C:\Users\Pacwa\.antigravity-ide\extensions\redhat.java-1.54.0-win32-x64\jre\21.0.10-win32-x86_64\bin\management_ext.dll
0x00007ff8053c0000 - 0x00007ff8053c8000 	C:\WINDOWS\System32\PSAPI.DLL
0x00007ff802b90000 - 0x00007ff802bab000 	C:\WINDOWS\SYSTEM32\CRYPTSP.dll
0x00007ff8021a0000 - 0x00007ff8021d9000 	C:\WINDOWS\system32\rsaenh.dll
0x00007ff802840000 - 0x00007ff802873000 	C:\WINDOWS\SYSTEM32\USERENV.dll
0x00007ff8033e0000 - 0x00007ff80340a000 	C:\WINDOWS\SYSTEM32\bcrypt.dll
0x00007ff8029f0000 - 0x00007ff8029fc000 	C:\WINDOWS\SYSTEM32\CRYPTBASE.dll
0x00007ff801c30000 - 0x00007ff801c62000 	C:\WINDOWS\SYSTEM32\IPHLPAPI.DLL
0x00007ff8051d0000 - 0x00007ff8051da000 	C:\WINDOWS\System32\NSI.dll
0x00007fff764e0000 - 0x00007fff76529000 	C:\Users\Pacwa\AppData\Local\Temp\jna-76870332\jna6698489430010713744.dll
0x00007ffff3360000 - 0x00007ffff337d000 	C:\WINDOWS\SYSTEM32\dhcpcsvc6.DLL
0x00007ffff32e0000 - 0x00007ffff3305000 	C:\WINDOWS\SYSTEM32\dhcpcsvc.DLL
0x00007ff800140000 - 0x00007ff80014e000 	C:\Users\Pacwa\.antigravity-ide\extensions\redhat.java-1.54.0-win32-x64\jre\21.0.10-win32-x86_64\bin\sunmscapi.dll
0x00007ff803f80000 - 0x00007ff8040f8000 	C:\WINDOWS\System32\CRYPT32.dll
0x00007ff802cf0000 - 0x00007ff802d20000 	C:\WINDOWS\SYSTEM32\ncrypt.dll
0x00007ff802ca0000 - 0x00007ff802cdf000 	C:\WINDOWS\SYSTEM32\NTASN1.dll
0x00007ff801cc0000 - 0x00007ff801df2000 	C:\WINDOWS\SYSTEM32\DNSAPI.dll
0x00007ffff7080000 - 0x00007ffff708b000 	C:\Windows\System32\rasadhlp.dll
0x00007ffff2570000 - 0x00007ffff25f6000 	C:\WINDOWS\System32\fwpuclnt.dll
0x00007fffd6c70000 - 0x00007fffd6c79000 	C:\Users\Pacwa\.antigravity-ide\extensions\redhat.java-1.54.0-win32-x64\jre\21.0.10-win32-x86_64\bin\extnet.dll

JVMTI agents:
c:\Users\Pacwa\.antigravity-ide\extensions\redhat.java-1.54.0-win32-x64\lombok\lombok-1.18.39-4050.jar path:c:\Users\Pacwa\.antigravity-ide\extensions\redhat.java-1.54.0-win32-x64\jre\21.0.10-win32-x86_64\bin\instrument.dll, loaded, initialized, instrumentlib options:none

dbghelp: loaded successfully - version: 4.0.5 - missing functions: none
symbol engine: initialized successfully - sym options: 0x614 - pdb path: .;c:\Users\Pacwa\.antigravity-ide\extensions\redhat.java-1.54.0-win32-x64\jre\21.0.10-win32-x86_64\bin;C:\WINDOWS\SYSTEM32;C:\WINDOWS\WinSxS\amd64_microsoft.windows.common-controls_6595b64144ccf1df_6.0.26100.8457_none_3e0b2faee331e92d;c:\Users\Pacwa\.antigravity-ide\extensions\redhat.java-1.54.0-win32-x64\jre\21.0.10-win32-x86_64\bin\server;C:\Users\Pacwa\AppData\Roaming\Antigravity IDE\User\globalStorage\redhat.java\1.54.0\config_win\org.eclipse.equinox.launcher\org.eclipse.equinox.launcher.win32.win32.x86_64_1.3.0.v20260203-2149;C:\Users\Pacwa\AppData\Local\Temp\jna-76870332

VM Arguments:
jvm_args: --add-modules=ALL-SYSTEM --add-opens=java.base/java.util=ALL-UNNAMED --add-opens=java.base/java.lang=ALL-UNNAMED --add-opens=java.base/sun.nio.fs=ALL-UNNAMED -Declipse.application=org.eclipse.jdt.ls.core.id1 -Dosgi.bundles.defaultStartLevel=4 -Declipse.product=org.eclipse.jdt.ls.core.product -Djava.import.generatesMetadataFilesAtProjectRoot=false -DDetectVMInstallationsJob.disabled=true -Dfile.encoding=utf8 -XX:+UseParallelGC -XX:GCTimeRatio=4 -XX:AdaptiveSizePolicyWeight=90 -Dsun.zip.disableMemoryMapping=true -Xmx2G -Xms100m -Xlog:disable -javaagent:c:\Users\Pacwa\.antigravity-ide\extensions\redhat.java-1.54.0-win32-x64\lombok\lombok-1.18.39-4050.jar -XX:+HeapDumpOnOutOfMemoryError -XX:HeapDumpPath=c:\Users\Pacwa\AppData\Roaming\Antigravity IDE\User\workspaceStorage\ad7f47a78f0daacb509bd02042bef823\redhat.java -Daether.dependencyCollector.impl=bf 
java_command: c:\Users\Pacwa\.antigravity-ide\extensions\redhat.java-1.54.0-win32-x64\server\plugins\org.eclipse.equinox.launcher_1.7.100.v20251111-0406.jar -configuration c:\Users\Pacwa\AppData\Roaming\Antigravity IDE\User\globalStorage\redhat.java\1.54.0\config_win -data c:\Users\Pacwa\AppData\Roaming\Antigravity IDE\User\workspaceStorage\ad7f47a78f0daacb509bd02042bef823\redhat.java\jdt_ws --pipe=\\.\pipe\lsp-ab180bf837d22ca64a16a8a632e6ad46-sock
java_class_path (initial): c:\Users\Pacwa\.antigravity-ide\extensions\redhat.java-1.54.0-win32-x64\server\plugins\org.eclipse.equinox.launcher_1.7.100.v20251111-0406.jar
Launcher Type: SUN_STANDARD

[Global flags]
    uintx AdaptiveSizePolicyWeight                 = 90                                        {product} {command line}
     intx CICompilerCount                          = 4                                         {product} {ergonomic}
    uintx GCTimeRatio                              = 4                                         {product} {command line}
     bool HeapDumpOnOutOfMemoryError               = true                                   {manageable} {command line}
    ccstr HeapDumpPath                             = c:\Users\Pacwa\AppData\Roaming\Antigravity IDE\User\workspaceStorage\ad7f47a78f0daacb509bd02042bef823\redhat.java         {manageable} {command line}
   size_t InitialHeapSize                          = 104857600                                 {product} {command line}
   size_t MaxHeapSize                              = 2147483648                                {product} {command line}
   size_t MaxNewSize                               = 715653120                                 {product} {ergonomic}
   size_t MinHeapDeltaBytes                        = 524288                                    {product} {ergonomic}
   size_t MinHeapSize                              = 104857600                                 {product} {command line}
   size_t NewSize                                  = 34603008                                  {product} {ergonomic}
    uintx NonNMethodCodeHeapSize                   = 5839372                                {pd product} {ergonomic}
    uintx NonProfiledCodeHeapSize                  = 122909434                              {pd product} {ergonomic}
   size_t OldSize                                  = 70254592                                  {product} {ergonomic}
    uintx ProfiledCodeHeapSize                     = 122909434                              {pd product} {ergonomic}
    uintx ReservedCodeCacheSize                    = 251658240                              {pd product} {ergonomic}
     bool SegmentedCodeCache                       = true                                      {product} {ergonomic}
   size_t SoftMaxHeapSize                          = 2147483648                             {manageable} {ergonomic}
     bool UseCompressedOops                        = true                           {product lp64_product} {ergonomic}
     bool UseLargePagesIndividualAllocation        = false                                  {pd product} {ergonomic}
     bool UseParallelGC                            = true                                      {product} {command line}

Logging:
Log output configuration:
 #0: stdout all=off uptime,level,tags foldmultilines=false
 #1: stderr all=off uptime,level,tags foldmultilines=false

Release file:
JAVA_VERSION="21.0.10" 
MODULES="java.base java.compiler java.datatransfer java.xml java.prefs java.desktop java.instrument java.logging java.management java.security.sasl java.naming java.rmi java.management.rmi java.net.http java.scripting java.security.jgss java.transaction.xa java.sql java.sql.rowset java.xml.crypto java.se java.smartcardio jdk.accessibility jdk.internal.jvmstat jdk.attach jdk.charsets jdk.internal.opt jdk.zipfs jdk.compiler jdk.crypto.ec jdk.crypto.cryptoki jdk.crypto.mscapi jdk.dynalink jdk.internal.ed jdk.editpad jdk.hotspot.agent jdk.httpserver jdk.internal.le jdk.internal.vm.ci jdk.internal.vm.compiler jdk.internal.vm.compiler.management jdk.jartool jdk.javadoc jdk.jcmd jdk.management jdk.management.agent jdk.jconsole jdk.jdeps jdk.jdwp.agent jdk.jdi jdk.jfr jdk.jshell jdk.jsobject jdk.jstatd jdk.localedata jdk.management.jfr jdk.naming.dns jdk.naming.rmi jdk.net jdk.nio.mapmode jdk.random jdk.sctp jdk.security.auth jdk.security.jgss jdk.unsupported jdk.unsupported.desktop jdk.xml.dom" 

Environment Variables:
JAVA_HOME=C:\Program Files\Java\jdk-21
PATH=C:\Program Files\Common Files\Oracle\Java\javapath;C:\Program Files (x86)\Common Files\Oracle\Java\java8path;C:\Program Files (x86)\Common Files\Oracle\Java\javapath;C:\Windows\system32;C:\Windows;C:\Windows\System32\Wbem;C:\Windows\System32\WindowsPowerShell\v1.0\;C:\Windows\System32\OpenSSH\;C:\Program Files\Java\jdk-21;C:\Program Files\Apache\apache-maven-3.9.8\bin;C:\cygwin64\bin;C:\Program Files\MySQL\MySQL Server 8.0\bin;C:\Program Files\Java\gradle-8.10\bin;C:\WINDOWS\system32;C:\WINDOWS;C:\WINDOWS\System32\Wbem;C:\WINDOWS\System32\WindowsPowerShell\v1.0\;C:\WINDOWS\System32\OpenSSH\;C:\Program Files\nodejs\;C:\Program Files\Docker\Docker\resources\bin;C:\Program Files\php-8.5.2;C:\ProgramData\ComposerSetup\bin;C:\Program Files\Git\bin;C:\Users\Pacwa\.local\bin;C:\Users\Pacwa\AppData\Local\Microsoft\WindowsApps;C:\Program Files (x86)\WiX Toolset v3.14\bin;C:\Users\Pacwa\AppData\Roaming\npm;C:\Program Files\JetBrains\IntelliJ IDEA 2024.1\bin;C:\Users\Pacwa\AppData\Local\Programs\cursor\resources\app\bin;C:\Users\Pacwa\AppData\Local\Programs\Microsoft VS Code\bin;C:\Users\Pacwa\AppData\Roaming\Composer\vendor\bin;C:\Users\Pacwa\AppData\Local\Programs\Antigravity\bin;C:\Users\Pacwa\.bun\bin;C:\Users\Pacwa\.lmstudio\bin;C:\Users\Pacwa\.local\bin;C:\Users\Pacwa\AppData\Local\Programs\Antigravity IDE\bin
USERNAME=Pacwa
OS=Windows_NT
PROCESSOR_IDENTIFIER=Intel64 Family 6 Model 142 Stepping 10, GenuineIntel
TMP=C:\Users\Pacwa\AppData\Local\Temp
TEMP=C:\Users\Pacwa\AppData\Local\Temp




Periodic native trim disabled

---------------  S Y S T E M  ---------------

OS:
 Windows 11 , 64 bit Build 26100 (10.0.26100.8328)
OS uptime: 5 days 15:01 hours
Hyper-V role detected

CPU: total 8 (initial active 8) (4 cores per cpu, 2 threads per core) family 6 model 142 stepping 10 microcode 0xf4, cx8, cmov, fxsr, ht, mmx, 3dnowpref, sse, sse2, sse3, ssse3, sse4.1, sse4.2, popcnt, lzcnt, tsc, tscinvbit, avx, avx2, aes, erms, clmul, bmi1, bmi2, rtm, adx, fma, vzeroupper, clflush, clflushopt, hv, rdtscp, f16c
Processor Information for the first 8 processors :
  Max Mhz: 2112, Current Mhz: 1910, Mhz Limit: 1900

Memory: 4k page, system-wide physical 16242M (1295M free)
TotalPageFile size 27919M (AvailPageFile size 4M)
current process WorkingSet (physical memory assigned to process): 232M, peak: 235M
current process commit charge ("private bytes"): 348M, peak: 351M

vm_info: OpenJDK 64-Bit Server VM (21.0.10+7-LTS) for windows-amd64 JRE (21.0.10+7-LTS), built on 2026-01-20T00:00:00Z by "admin" with MS VC++ 17.12 (VS2022)

END.
