#
# There is insufficient memory for the Java Runtime Environment to continue.
# Native memory allocation (mmap) failed to map 67108864 bytes for G1 virtual space
# Possible reasons:
#   The system is out of physical RAM or swap space
#   The process is running with CompressedOops enabled, and the Java Heap may be blocking the growth of the native heap
# Possible solutions:
#   Reduce memory load on the system
#   Increase physical memory or swap space
#   Check if swap backing store is full
#   Decrease Java heap size (-Xmx/-Xms)
#   Decrease number of Java threads
#   Decrease Java thread stack sizes (-Xss)
#   Set larger code cache with -XX:ReservedCodeCacheSize=
#   JVM is running with Unscaled Compressed Oops mode in which the Java heap is
#     placed in the first 4GB address space. The Java Heap base address is the
#     maximum limit for the native heap growth. Please use -XX:HeapBaseMinAddress
#     to set the Java Heap base and to place the Java Heap above 4GB virtual address.
# This output file may be truncated or incomplete.
#
#  Out of Memory Error (os_windows.cpp:3600), pid=30612, tid=21060
#
# JRE version:  (21.0.4+8) (build )
# Java VM: Java HotSpot(TM) 64-Bit Server VM (21.0.4+8-LTS-274, mixed mode, sharing, tiered, compressed oops, compressed class ptrs, g1 gc, windows-amd64)
# No core dump will be written. Minidumps are not enabled by default on client versions of Windows
#

---------------  S U M M A R Y ------------

Command Line: -Dfile.encoding=UTF-8 -Xmx64m -Xms64m -Dorg.gradle.appname=gradlew org.gradle.wrapper.GradleWrapperMain :app:bootRun

Host: Intel(R) Core(TM) i7-8650U CPU @ 1.90GHz, 8 cores, 15G,  Windows 11 , 64 bit Build 26100 (10.0.26100.8328)
Time: Mon May 25 16:45:44 2026 E. Africa Standard Time elapsed time: 0.038738 seconds (0d 0h 0m 0s)

---------------  T H R E A D  ---------------

Current thread (0x00000275e278f5f0):  JavaThread "Unknown thread" [_thread_in_vm, id=21060, stack(0x0000009fe4e00000,0x0000009fe4f00000) (1024K)]

Stack: [0x0000009fe4e00000,0x0000009fe4f00000]
Native frames: (J=compiled Java code, j=interpreted, Vv=VM code, C=native code)
V  [jvm.dll+0x6c8e59]
V  [jvm.dll+0x853181]
V  [jvm.dll+0x8556ae]
V  [jvm.dll+0x855d83]
V  [jvm.dll+0x27d526]
V  [jvm.dll+0x6c55f5]
V  [jvm.dll+0x6ba17a]
V  [jvm.dll+0x352a8a]
V  [jvm.dll+0x35a6e6]
V  [jvm.dll+0x3acdae]
V  [jvm.dll+0x3ad058]
V  [jvm.dll+0x326dec]
V  [jvm.dll+0x32794b]
V  [jvm.dll+0x81c569]
V  [jvm.dll+0x3b9a11]
V  [jvm.dll+0x805948]
V  [jvm.dll+0x44ec5e]
V  [jvm.dll+0x450851]
C  [jli.dll+0x52a3]
C  [ucrtbase.dll+0x37b0]
C  [KERNEL32.DLL+0x2e957]
C  [ntdll.dll+0x427c]


---------------  P R O C E S S  ---------------

Threads class SMR info:
_java_thread_list=0x00007fff488a6c08, length=0, elements={
}

Java Threads: ( => current thread )
Total: 0

Other Threads:
  0x00000275e27abc20 WorkerThread "GC Thread#0"                     [id=22084, stack(0x0000009fe4f00000,0x0000009fe5000000) (1024K)]
  0x00000275e27ad400 ConcurrentGCThread "G1 Main Marker"            [id=24820, stack(0x0000009fe5000000,0x0000009fe5100000) (1024K)]
  0x00000275e27adf00 WorkerThread "G1 Conc#0"                       [id=23248, stack(0x0000009fe5100000,0x0000009fe5200000) (1024K)]

[error occurred during error reporting (printing all threads), id 0xc0000005, EXCEPTION_ACCESS_VIOLATION (0xc0000005) at pc=0x00007fff48019577]
VM state: not at safepoint (not fully initialized)

VM Mutex/Monitor currently owned by a thread:  ([mutex/lock_event])
[0x00007fff48917f98] Heap_lock - owner thread: 0x00000275e278f5f0

Heap address: 0x00000000fc000000, size: 64 MB, Compressed Oops mode: 32-bit

CDS archive(s) mapped at: [0x0000000000000000-0x0000000000000000-0x0000000000000000), size 0, SharedBaseAddress: 0x0000000800000000, ArchiveRelocationMode: 1.
Narrow klass base: 0x0000000000000000, Narrow klass shift: 0, Narrow klass range: 0x0

GC Precious Log:
 CardTable entry size: 512
 Card Set container configuration: InlinePtr #cards 5 size 8 Array Of Cards #cards 12 size 40 Howl #buckets 4 coarsen threshold 1843 Howl Bitmap #cards 512 size 80 coarsen threshold 460 Card regions per heap region 1 cards per card region 2048

Heap:
 garbage-first heap   total 0K, used 0K [0x00000000fc000000, 0x0000000100000000)
  region size 1024K, 0 young (0K), 0 survivors (0K)

[error occurred during error reporting (printing heap information), id 0xc0000005, EXCEPTION_ACCESS_VIOLATION (0xc0000005) at pc=0x00007fff48401df9]
GC Heap History (0 events):
No events

Dll operation events (1 events):
Event: 0.023 Loaded shared library C:\Program Files\Java\jdk-21\bin\java.dll

Deoptimization events (0 events):
No events

Classes loaded (0 events):
No events

Classes unloaded (0 events):
No events

Classes redefined (0 events):
No events

Internal exceptions (0 events):
No events

ZGC Phase Switch (0 events):
No events

VM Operations (0 events):
No events

Events (0 events):
No events


Dynamic libraries:
0x00007ff6e4a50000 - 0x00007ff6e4a60000 	C:\Program Files\Java\jdk-21\bin\java.exe
0x00007ff806ac0000 - 0x00007ff806d27000 	C:\WINDOWS\SYSTEM32\ntdll.dll
0x00007ff8052c0000 - 0x00007ff805389000 	C:\WINDOWS\System32\KERNEL32.DLL
0x00007ff804260000 - 0x00007ff804657000 	C:\WINDOWS\System32\KERNELBASE.dll
0x00007ff8046f0000 - 0x00007ff80483b000 	C:\WINDOWS\System32\ucrtbase.dll
0x00007fffcb830000 - 0x00007fffcb849000 	C:\Program Files\Java\jdk-21\bin\jli.dll
0x00007ff8065f0000 - 0x00007ff8066a6000 	C:\WINDOWS\System32\ADVAPI32.dll
0x00007ff805020000 - 0x00007ff8050c9000 	C:\WINDOWS\System32\msvcrt.dll
0x00007ff806540000 - 0x00007ff8065e7000 	C:\WINDOWS\System32\sechost.dll
0x00007ff804d90000 - 0x00007ff804ea8000 	C:\WINDOWS\System32\RPCRT4.dll
0x00007ff8055d0000 - 0x00007ff805796000 	C:\WINDOWS\System32\USER32.dll
0x00007ff804230000 - 0x00007ff804257000 	C:\WINDOWS\System32\win32u.dll
0x00007ff804840000 - 0x00007ff80486b000 	C:\WINDOWS\System32\GDI32.dll
0x00007ff804100000 - 0x00007ff80422c000 	C:\WINDOWS\System32\gdi32full.dll
0x00007ff803d60000 - 0x00007ff803e03000 	C:\WINDOWS\System32\msvcp_win.dll
0x00007fffcb810000 - 0x00007fffcb82b000 	C:\Program Files\Java\jdk-21\bin\VCRUNTIME140.dll
0x00007fffea9e0000 - 0x00007fffeac72000 	C:\WINDOWS\WinSxS\amd64_microsoft.windows.common-controls_6595b64144ccf1df_6.0.26100.8457_none_3e0b2faee331e92d\COMCTL32.dll
0x00007ffff7a50000 - 0x00007ffff7a5b000 	C:\WINDOWS\SYSTEM32\VERSION.dll
0x00007ff806a30000 - 0x00007ff806a62000 	C:\WINDOWS\System32\IMM32.DLL
0x00007fffe0710000 - 0x00007fffe071c000 	C:\Program Files\Java\jdk-21\bin\vcruntime140_1.dll
0x00007fffa0510000 - 0x00007fffa059e000 	C:\Program Files\Java\jdk-21\bin\msvcp140.dll
0x00007fff47ce0000 - 0x00007fff489f3000 	C:\Program Files\Java\jdk-21\bin\server\jvm.dll
0x00007ff804f90000 - 0x00007ff805010000 	C:\WINDOWS\System32\WS2_32.dll
0x00007ff803350000 - 0x00007ff8033ae000 	C:\WINDOWS\SYSTEM32\POWRPROF.dll
0x00007fffe81f0000 - 0x00007fffe8226000 	C:\WINDOWS\SYSTEM32\WINMM.dll
0x00007ff803330000 - 0x00007ff803344000 	C:\WINDOWS\SYSTEM32\UMPDC.dll
0x00007ff802240000 - 0x00007ff80225b000 	C:\WINDOWS\SYSTEM32\kernel.appcore.dll
0x00007fffcd420000 - 0x00007fffcd42a000 	C:\Program Files\Java\jdk-21\bin\jimage.dll
0x00007ff801220000 - 0x00007ff801462000 	C:\WINDOWS\SYSTEM32\DBGHELP.DLL
0x00007ff804a00000 - 0x00007ff804d83000 	C:\WINDOWS\System32\combase.dll
0x00007ff8051e0000 - 0x00007ff8052b9000 	C:\WINDOWS\System32\OLEAUT32.dll
0x00007fffeb050000 - 0x00007fffeb08b000 	C:\WINDOWS\SYSTEM32\dbgcore.DLL
0x00007ff803e10000 - 0x00007ff803eb8000 	C:\WINDOWS\System32\bcryptPrimitives.dll
0x00007fffc5440000 - 0x00007fffc545f000 	C:\Program Files\Java\jdk-21\bin\java.dll

dbghelp: loaded successfully - version: 4.0.5 - missing functions: none
symbol engine: initialized successfully - sym options: 0x614 - pdb path: .;C:\Program Files\Java\jdk-21\bin;C:\WINDOWS\SYSTEM32;C:\WINDOWS\WinSxS\amd64_microsoft.windows.common-controls_6595b64144ccf1df_6.0.26100.8457_none_3e0b2faee331e92d;C:\Program Files\Java\jdk-21\bin\server

VM Arguments:
jvm_args: -Dfile.encoding=UTF-8 -Xmx64m -Xms64m -Dorg.gradle.appname=gradlew 
java_command: org.gradle.wrapper.GradleWrapperMain :app:bootRun
java_class_path (initial): D:/2026/WORK/Software/sourcecode/work/web/slogbaa/backend/gradle/wrapper/gradle-wrapper.jar
Launcher Type: SUN_STANDARD

[Global flags]
     intx CICompilerCount                          = 4                                         {product} {ergonomic}
     uint ConcGCThreads                            = 2                                         {product} {ergonomic}
     uint G1ConcRefinementThreads                  = 8                                         {product} {ergonomic}
   size_t G1HeapRegionSize                         = 1048576                                   {product} {ergonomic}
    uintx GCDrainStackTargetSize                   = 64                                        {product} {ergonomic}
   size_t InitialHeapSize                          = 67108864                                  {product} {command line}
   size_t MarkStackSize                            = 4194304                                   {product} {ergonomic}
   size_t MaxHeapSize                              = 67108864                                  {product} {command line}
   size_t MinHeapDeltaBytes                        = 1048576                                   {product} {ergonomic}
   size_t MinHeapSize                              = 67108864                                  {product} {command line}
    uintx NonNMethodCodeHeapSize                   = 5839372                                {pd product} {ergonomic}
    uintx NonProfiledCodeHeapSize                  = 122909434                              {pd product} {ergonomic}
    uintx ProfiledCodeHeapSize                     = 122909434                              {pd product} {ergonomic}
    uintx ReservedCodeCacheSize                    = 251658240                              {pd product} {ergonomic}
     bool SegmentedCodeCache                       = true                                      {product} {ergonomic}
   size_t SoftMaxHeapSize                          = 67108864                               {manageable} {ergonomic}
     bool UseCompressedOops                        = true                           {product lp64_product} {ergonomic}
     bool UseG1GC                                  = true                                      {product} {ergonomic}
     bool UseLargePagesIndividualAllocation        = false                                  {pd product} {ergonomic}

Logging:
Log output configuration:
 #0: stdout all=warning uptime,level,tags foldmultilines=false
 #1: stderr all=off uptime,level,tags foldmultilines=false

Environment Variables:
JAVA_HOME=C:\Program Files\Java\jdk-21
PATH=C:\Users\Pacwa\bin;C:\Program Files\Git\mingw64\bin;C:\Program Files\Git\usr\local\bin;C:\Program Files\Git\usr\bin;C:\Program Files\Git\usr\bin;C:\Program Files\Git\mingw64\bin;C:\Program Files\Git\usr\bin;C:\Users\Pacwa\bin;C:\Program Files\Common Files\Oracle\Java\javapath;C:\Program Files (x86)\Common Files\Oracle\Java\java8path;C:\Program Files (x86)\Common Files\Oracle\Java\javapath;C:\Windows\system32;C:\Windows;C:\Windows\System32\Wbem;C:\Windows\System32\WindowsPowerShell\v1.0;C:\Windows\System32\OpenSSH;C:\Program Files\Java\jdk-21;C:\Program Files\Apache\apache-maven-3.9.8\bin;C:\cygwin64\bin;C:\Program Files\MySQL\MySQL Server 8.0\bin;C:\Program Files\Java\gradle-8.10\bin;C:\WINDOWS\system32;C:\WINDOWS;C:\WINDOWS\System32\Wbem;C:\WINDOWS\System32\WindowsPowerShell\v1.0;C:\WINDOWS\System32\OpenSSH;C:\Program Files\nodejs;C:\Program Files\Docker\Docker\resources\bin;C:\Program Files\php-8.5.2;C:\ProgramData\ComposerSetup\bin;C:\Program Files\Git\usr\bin;C:\Users\Pacwa\.local\bin;C:\Users\Pacwa\AppData\Local\Microsoft\WindowsApps;C:\Program Files (x86)\WiX Toolset v3.14\bin;C:\Users\Pacwa\AppData\Roaming\npm;C:\Program Files\JetBrains\IntelliJ IDEA 2024.1\bin;C:\Users\Pacwa\AppData\Local\Programs\cursor\resources\app\bin;C:\Users\Pacwa\AppData\Local\Programs\Microsoft VS Code\bin;C:\Users\Pacwa\AppData\Roaming\Composer\vendor\bin;C:\Users\Pacwa\AppData\Local\Programs\Antigravity\bin;C:\Users\Pacwa\.bun\bin;C:\Users\Pacwa\.lmstudio\bin;C:\Users\Pacwa\.local\bin;C:\Users\Pacwa\AppData\Local\Programs\Antigravity IDE\bin;C:\Program Files\Git\usr\bin\vendor_perl;C:\Program Files\Git\usr\bin\core_perl
USERNAME=Pacwa
SHELL=C:\Program Files\Git\usr\bin\bash.exe
DISPLAY=needs-to-be-defined
LANG=en_US.UTF-8
TERM=xterm-256color
TMPDIR=C:\Users\Pacwa\AppData\Local\Temp
OS=Windows_NT
PROCESSOR_IDENTIFIER=Intel64 Family 6 Model 142 Stepping 10, GenuineIntel
TMP=C:\Users\Pacwa\AppData\Local\Temp
TEMP=C:\Users\Pacwa\AppData\Local\Temp




Periodic native trim disabled

---------------  S Y S T E M  ---------------

OS:
 Windows 11 , 64 bit Build 26100 (10.0.26100.8328)
OS uptime: 5 days 15:02 hours
Hyper-V role detected

CPU: total 8 (initial active 8) (4 cores per cpu, 2 threads per core) family 6 model 142 stepping 10 microcode 0xf4, cx8, cmov, fxsr, ht, mmx, 3dnowpref, sse, sse2, sse3, ssse3, sse4.1, sse4.2, popcnt, lzcnt, tsc, tscinvbit, avx, avx2, aes, erms, clmul, bmi1, bmi2, rtm, adx, fma, vzeroupper, clflush, clflushopt, hv, rdtscp, f16c
Processor Information for all 8 processors :
  Max Mhz: 2112, Current Mhz: 1910, Mhz Limit: 1900

Memory: 4k page, system-wide physical 16242M (1274M free)
TotalPageFile size 27919M (AvailPageFile size 47M)
current process WorkingSet (physical memory assigned to process): 12M, peak: 12M
current process commit charge ("private bytes"): 59M, peak: 123M

vm_info: Java HotSpot(TM) 64-Bit Server VM (21.0.4+8-LTS-274) for windows-amd64 JRE (21.0.4+8-LTS-274), built on 2024-06-05T05:23:33Z by "mach5one" with MS VC++ 17.6 (VS2022)

END.
